Analysis & Synthesis report for lab1CEG3156
Fri Jun 03 12:16:11 2022
Quartus II 64-Bit Version 13.0.1 Build 232 06/12/2013 Service Pack 1 SJ Web Edition


---------------------
; Table of Contents ;
---------------------
  1. Legal Notice
  2. Analysis & Synthesis Summary
  3. Analysis & Synthesis Settings
  4. Parallel Compilation
  5. Analysis & Synthesis Source Files Read
  6. Analysis & Synthesis Resource Usage Summary
  7. Analysis & Synthesis Resource Utilization by Entity
  8. User-Specified and Inferred Latches
  9. General Register Statistics
 10. Multiplexer Restructuring Statistics (Restructuring Performed)
 11. Port Connectivity Checks: "ControlPath:inst1|enARdFF_2:s10"
 12. Port Connectivity Checks: "ControlPath:inst1|enARdFF_2:s9"
 13. Port Connectivity Checks: "ControlPath:inst1|enARdFF_2:s8"
 14. Port Connectivity Checks: "ControlPath:inst1|enARdFF_2:s7"
 15. Port Connectivity Checks: "ControlPath:inst1|enARdFF_2:s6"
 16. Port Connectivity Checks: "ControlPath:inst1|enARdFF_2:s5"
 17. Port Connectivity Checks: "ControlPath:inst1|enARdFF_2:s4"
 18. Port Connectivity Checks: "ControlPath:inst1|enARdFF_2:s3"
 19. Port Connectivity Checks: "ControlPath:inst1|enARdFF_2:s2"
 20. Port Connectivity Checks: "ControlPath:inst1|enARdFF_2:s1"
 21. Port Connectivity Checks: "ControlPath:inst1|enARdFF_2:s0"
 22. Port Connectivity Checks: "DataPath:inst|loadableCounter:ExpA|ESPL7counter:inst|jkFF_2:jk6"
 23. Port Connectivity Checks: "DataPath:inst|loadableCounter:ExpA|ESPL7counter:inst|jkFF_2:jk5"
 24. Port Connectivity Checks: "DataPath:inst|loadableCounter:ExpA|ESPL7counter:inst|jkFF_2:jk4"
 25. Port Connectivity Checks: "DataPath:inst|loadableCounter:ExpA|ESPL7counter:inst|jkFF_2:jk3"
 26. Port Connectivity Checks: "DataPath:inst|loadableCounter:ExpA|ESPL7counter:inst|jkFF_2:jk2"
 27. Port Connectivity Checks: "DataPath:inst|loadableCounter:ExpA|ESPL7counter:inst|jkFF_2:jk1"
 28. Port Connectivity Checks: "DataPath:inst|loadableCounter:ExpA|ESPL7counter:inst|jkFF_2:jk0"
 29. Port Connectivity Checks: "DataPath:inst|LSPL8Reg:inst25|enARdFF_2:d7"
 30. Port Connectivity Checks: "DataPath:inst|LSPL8Reg:inst25|enARdFF_2:d6"
 31. Port Connectivity Checks: "DataPath:inst|LSPL8Reg:inst25|enARdFF_2:d5"
 32. Port Connectivity Checks: "DataPath:inst|LSPL8Reg:inst25|enARdFF_2:d4"
 33. Port Connectivity Checks: "DataPath:inst|LSPL8Reg:inst25|enARdFF_2:d3"
 34. Port Connectivity Checks: "DataPath:inst|LSPL8Reg:inst25|enARdFF_2:d2"
 35. Port Connectivity Checks: "DataPath:inst|LSPL8Reg:inst25|enARdFF_2:d1"
 36. Port Connectivity Checks: "DataPath:inst|LSPL8Reg:inst25|enARdFF_2:d0"
 37. Port Connectivity Checks: "DataPath:inst|LSPL8Reg:inst25|MUX2_8bit:mux"
 38. Elapsed Time Per Partition
 39. Analysis & Synthesis Messages



----------------
; Legal Notice ;
----------------
Copyright (C) 1991-2013 Altera Corporation
Your use of Altera Corporation's design tools, logic functions 
and other software and tools, and its AMPP partner logic 
functions, and any output files from any of the foregoing 
(including device programming or simulation files), and any 
associated documentation or information are expressly subject 
to the terms and conditions of the Altera Program License 
Subscription Agreement, Altera MegaCore Function License 
Agreement, or other applicable license agreement, including, 
without limitation, that your use is for the sole purpose of 
programming logic devices manufactured by Altera and sold by 
Altera or its authorized distributors.  Please refer to the 
applicable agreement for further details.



+--------------------------------------------------------------------------------------+
; Analysis & Synthesis Summary                                                         ;
+------------------------------------+-------------------------------------------------+
; Analysis & Synthesis Status        ; Successful - Fri Jun 03 12:16:11 2022           ;
; Quartus II 64-Bit Version          ; 13.0.1 Build 232 06/12/2013 SP 1 SJ Web Edition ;
; Revision Name                      ; lab1CEG3156                                     ;
; Top-level Entity Name              ; lab1CEG3156                                     ;
; Family                             ; Cyclone IV E                                    ;
; Total logic elements               ; 202                                             ;
;     Total combinational functions  ; 199                                             ;
;     Dedicated logic registers      ; 59                                              ;
; Total registers                    ; 59                                              ;
; Total pins                         ; 50                                              ;
; Total virtual pins                 ; 0                                               ;
; Total memory bits                  ; 0                                               ;
; Embedded Multiplier 9-bit elements ; 0                                               ;
; Total PLLs                         ; 0                                               ;
+------------------------------------+-------------------------------------------------+


+----------------------------------------------------------------------------------------------------------------------+
; Analysis & Synthesis Settings                                                                                        ;
+----------------------------------------------------------------------------+--------------------+--------------------+
; Option                                                                     ; Setting            ; Default Value      ;
+----------------------------------------------------------------------------+--------------------+--------------------+
; Device                                                                     ; EP4CE115F29C7      ;                    ;
; Top-level entity name                                                      ; lab1CEG3156        ; lab1CEG3156        ;
; Family name                                                                ; Cyclone IV E       ; Cyclone IV GX      ;
; Use smart compilation                                                      ; Off                ; Off                ;
; Enable parallel Assembler and TimeQuest Timing Analyzer during compilation ; On                 ; On                 ;
; Enable compact report table                                                ; Off                ; Off                ;
; Restructure Multiplexers                                                   ; Auto               ; Auto               ;
; Create Debugging Nodes for IP Cores                                        ; Off                ; Off                ;
; Preserve fewer node names                                                  ; On                 ; On                 ;
; Disable OpenCore Plus hardware evaluation                                  ; Off                ; Off                ;
; Verilog Version                                                            ; Verilog_2001       ; Verilog_2001       ;
; VHDL Version                                                               ; VHDL_1993          ; VHDL_1993          ;
; State Machine Processing                                                   ; Auto               ; Auto               ;
; Safe State Machine                                                         ; Off                ; Off                ;
; Extract Verilog State Machines                                             ; On                 ; On                 ;
; Extract VHDL State Machines                                                ; On                 ; On                 ;
; Ignore Verilog initial constructs                                          ; Off                ; Off                ;
; Iteration limit for constant Verilog loops                                 ; 5000               ; 5000               ;
; Iteration limit for non-constant Verilog loops                             ; 250                ; 250                ;
; Add Pass-Through Logic to Inferred RAMs                                    ; On                 ; On                 ;
; Infer RAMs from Raw Logic                                                  ; On                 ; On                 ;
; Parallel Synthesis                                                         ; On                 ; On                 ;
; DSP Block Balancing                                                        ; Auto               ; Auto               ;
; NOT Gate Push-Back                                                         ; On                 ; On                 ;
; Power-Up Don't Care                                                        ; On                 ; On                 ;
; Remove Redundant Logic Cells                                               ; Off                ; Off                ;
; Remove Duplicate Registers                                                 ; On                 ; On                 ;
; Ignore CARRY Buffers                                                       ; Off                ; Off                ;
; Ignore CASCADE Buffers                                                     ; Off                ; Off                ;
; Ignore GLOBAL Buffers                                                      ; Off                ; Off                ;
; Ignore ROW GLOBAL Buffers                                                  ; Off                ; Off                ;
; Ignore LCELL Buffers                                                       ; Off                ; Off                ;
; Ignore SOFT Buffers                                                        ; On                 ; On                 ;
; Limit AHDL Integers to 32 Bits                                             ; Off                ; Off                ;
; Optimization Technique                                                     ; Balanced           ; Balanced           ;
; Carry Chain Length                                                         ; 70                 ; 70                 ;
; Auto Carry Chains                                                          ; On                 ; On                 ;
; Auto Open-Drain Pins                                                       ; On                 ; On                 ;
; Perform WYSIWYG Primitive Resynthesis                                      ; Off                ; Off                ;
; Auto ROM Replacement                                                       ; On                 ; On                 ;
; Auto RAM Replacement                                                       ; On                 ; On                 ;
; Auto DSP Block Replacement                                                 ; On                 ; On                 ;
; Auto Shift Register Replacement                                            ; Auto               ; Auto               ;
; Allow Shift Register Merging across Hierarchies                            ; Auto               ; Auto               ;
; Auto Clock Enable Replacement                                              ; On                 ; On                 ;
; Strict RAM Replacement                                                     ; Off                ; Off                ;
; Allow Synchronous Control Signals                                          ; On                 ; On                 ;
; Force Use of Synchronous Clear Signals                                     ; Off                ; Off                ;
; Auto RAM Block Balancing                                                   ; On                 ; On                 ;
; Auto RAM to Logic Cell Conversion                                          ; Off                ; Off                ;
; Auto Resource Sharing                                                      ; Off                ; Off                ;
; Allow Any RAM Size For Recognition                                         ; Off                ; Off                ;
; Allow Any ROM Size For Recognition                                         ; Off                ; Off                ;
; Allow Any Shift Register Size For Recognition                              ; Off                ; Off                ;
; Use LogicLock Constraints during Resource Balancing                        ; On                 ; On                 ;
; Ignore translate_off and synthesis_off directives                          ; Off                ; Off                ;
; Timing-Driven Synthesis                                                    ; On                 ; On                 ;
; Report Parameter Settings                                                  ; On                 ; On                 ;
; Report Source Assignments                                                  ; On                 ; On                 ;
; Report Connectivity Checks                                                 ; On                 ; On                 ;
; Ignore Maximum Fan-Out Assignments                                         ; Off                ; Off                ;
; Synchronization Register Chain Length                                      ; 2                  ; 2                  ;
; PowerPlay Power Optimization                                               ; Normal compilation ; Normal compilation ;
; HDL message level                                                          ; Level2             ; Level2             ;
; Suppress Register Optimization Related Messages                            ; Off                ; Off                ;
; Number of Removed Registers Reported in Synthesis Report                   ; 5000               ; 5000               ;
; Number of Swept Nodes Reported in Synthesis Report                         ; 5000               ; 5000               ;
; Number of Inverted Registers Reported in Synthesis Report                  ; 100                ; 100                ;
; Clock MUX Protection                                                       ; On                 ; On                 ;
; Auto Gated Clock Conversion                                                ; Off                ; Off                ;
; Block Design Naming                                                        ; Auto               ; Auto               ;
; SDC constraint protection                                                  ; Off                ; Off                ;
; Synthesis Effort                                                           ; Auto               ; Auto               ;
; Shift Register Replacement - Allow Asynchronous Clear Signal               ; On                 ; On                 ;
; Pre-Mapping Resynthesis Optimization                                       ; Off                ; Off                ;
; Analysis & Synthesis Message Level                                         ; Medium             ; Medium             ;
; Disable Register Merging Across Hierarchies                                ; Auto               ; Auto               ;
; Resource Aware Inference For Block RAM                                     ; On                 ; On                 ;
; Synthesis Seed                                                             ; 1                  ; 1                  ;
+----------------------------------------------------------------------------+--------------------+--------------------+


Parallel compilation was disabled, but you have multiple processors available. Enable parallel compilation to reduce compilation time.
+-------------------------------------+
; Parallel Compilation                ;
+----------------------------+--------+
; Processors                 ; Number ;
+----------------------------+--------+
; Number detected on machine ; 12     ;
; Maximum allowed            ; 1      ;
+----------------------------+--------+


+--------------------------------------------------------------------------------------------------------------------------------------------------------------------------------------------------------------------------------------------------------------------------+
; Analysis & Synthesis Source Files Read                                                                                                                                                                                                                                   ;
+----------------------------------+-----------------+------------------------------------+----------------------------------------------------------------------------------------------------------------------------------------------------------------------+---------+
; File Name with User-Entered Path ; Used in Netlist ; File Type                          ; File Name with Absolute Path                                                                                                                                         ; Library ;
+----------------------------------+-----------------+------------------------------------+----------------------------------------------------------------------------------------------------------------------------------------------------------------------+---------+
; dFF_2.vhd                        ; yes             ; User VHDL File                     ; C:/Users/Zander9909/OneDrive - University of Ottawa/Courses/3rd Year/Semester 2 - Summer 2022/CEG3156 - Computer Systems Design/Labs/Lab 1/SRC/dFF_2.vhd             ;         ;
; 7bitcounter.vhd                  ; yes             ; User VHDL File                     ; C:/Users/Zander9909/OneDrive - University of Ottawa/Courses/3rd Year/Semester 2 - Summer 2022/CEG3156 - Computer Systems Design/Labs/Lab 1/SRC/7bitcounter.vhd       ;         ;
; jkFF_2.vhd                       ; yes             ; User VHDL File                     ; C:/Users/Zander9909/OneDrive - University of Ottawa/Courses/3rd Year/Semester 2 - Summer 2022/CEG3156 - Computer Systems Design/Labs/Lab 1/SRC/jkFF_2.vhd            ;         ;
; enardFF_2.vhd                    ; yes             ; User VHDL File                     ; C:/Users/Zander9909/OneDrive - University of Ottawa/Courses/3rd Year/Semester 2 - Summer 2022/CEG3156 - Computer Systems Design/Labs/Lab 1/SRC/enardFF_2.vhd         ;         ;
; MUX2_1bit.vhd                    ; yes             ; User VHDL File                     ; C:/Users/Zander9909/OneDrive - University of Ottawa/Courses/3rd Year/Semester 2 - Summer 2022/CEG3156 - Computer Systems Design/Labs/Lab 1/SRC/MUX2_1bit.vhd         ;         ;
; lab1CEG3156.bdf                  ; yes             ; User Block Diagram/Schematic File  ; C:/Users/Zander9909/OneDrive - University of Ottawa/Courses/3rd Year/Semester 2 - Summer 2022/CEG3156 - Computer Systems Design/Labs/Lab 1/SRC/lab1CEG3156.bdf       ;         ;
; MUX2_8bit.vhd                    ; yes             ; User VHDL File                     ; C:/Users/Zander9909/OneDrive - University of Ottawa/Courses/3rd Year/Semester 2 - Summer 2022/CEG3156 - Computer Systems Design/Labs/Lab 1/SRC/MUX2_8bit.vhd         ;         ;
; LSPL8REG.vhd                     ; yes             ; User VHDL File                     ; C:/Users/Zander9909/OneDrive - University of Ottawa/Courses/3rd Year/Semester 2 - Summer 2022/CEG3156 - Computer Systems Design/Labs/Lab 1/SRC/LSPL8REG.vhd          ;         ;
; MUX2_7bit.vhd                    ; yes             ; User VHDL File                     ; C:/Users/Zander9909/OneDrive - University of Ottawa/Courses/3rd Year/Semester 2 - Summer 2022/CEG3156 - Computer Systems Design/Labs/Lab 1/SRC/MUX2_7bit.vhd         ;         ;
; loadableCounter.bdf              ; yes             ; User Block Diagram/Schematic File  ; C:/Users/Zander9909/OneDrive - University of Ottawa/Courses/3rd Year/Semester 2 - Summer 2022/CEG3156 - Computer Systems Design/Labs/Lab 1/SRC/loadableCounter.bdf   ;         ;
; fullAdder.vhd                    ; yes             ; User VHDL File                     ; C:/Users/Zander9909/OneDrive - University of Ottawa/Courses/3rd Year/Semester 2 - Summer 2022/CEG3156 - Computer Systems Design/Labs/Lab 1/SRC/fullAdder.vhd         ;         ;
; fullAdder8_bit.vhd               ; yes             ; User VHDL File                     ; C:/Users/Zander9909/OneDrive - University of Ottawa/Courses/3rd Year/Semester 2 - Summer 2022/CEG3156 - Computer Systems Design/Labs/Lab 1/SRC/fullAdder8_bit.vhd    ;         ;
; ControlPath.vhd                  ; yes             ; User VHDL File                     ; C:/Users/Zander9909/OneDrive - University of Ottawa/Courses/3rd Year/Semester 2 - Summer 2022/CEG3156 - Computer Systems Design/Labs/Lab 1/SRC/ControlPath.vhd       ;         ;
; comparator8_bit.vhd              ; yes             ; User VHDL File                     ; C:/Users/Zander9909/OneDrive - University of Ottawa/Courses/3rd Year/Semester 2 - Summer 2022/CEG3156 - Computer Systems Design/Labs/Lab 1/SRC/comparator8_bit.vhd   ;         ;
; DataPath.bdf                     ; yes             ; User Block Diagram/Schematic File  ; C:/Users/Zander9909/OneDrive - University of Ottawa/Courses/3rd Year/Semester 2 - Summer 2022/CEG3156 - Computer Systems Design/Labs/Lab 1/SRC/DataPath.bdf          ;         ;
; complementor8_bit.vhd            ; yes             ; User VHDL File                     ; C:/Users/Zander9909/OneDrive - University of Ottawa/Courses/3rd Year/Semester 2 - Summer 2022/CEG3156 - Computer Systems Design/Labs/Lab 1/SRC/complementor8_bit.vhd ;         ;
+----------------------------------+-----------------+------------------------------------+----------------------------------------------------------------------------------------------------------------------------------------------------------------------+---------+


+------------------------------------------------------------+
; Analysis & Synthesis Resource Usage Summary                ;
+---------------------------------------------+--------------+
; Resource                                    ; Usage        ;
+---------------------------------------------+--------------+
; Estimated Total logic elements              ; 202          ;
;                                             ;              ;
; Total combinational functions               ; 199          ;
; Logic element usage by number of LUT inputs ;              ;
;     -- 4 input functions                    ; 74           ;
;     -- 3 input functions                    ; 74           ;
;     -- <=2 input functions                  ; 51           ;
;                                             ;              ;
; Logic elements by mode                      ;              ;
;     -- normal mode                          ; 155          ;
;     -- arithmetic mode                      ; 44           ;
;                                             ;              ;
; Total registers                             ; 59           ;
;     -- Dedicated logic registers            ; 59           ;
;     -- I/O registers                        ; 0            ;
;                                             ;              ;
; I/O pins                                    ; 50           ;
; Embedded Multiplier 9-bit elements          ; 0            ;
; Maximum fan-out node                        ; GReset~input ;
; Maximum fan-out                             ; 61           ;
; Total fan-out                               ; 879          ;
; Average fan-out                             ; 2.46         ;
+---------------------------------------------+--------------+


+----------------------------------------------------------------------------------------------------------------------------------------------------------------------------------------------------------------------------------------------------------------------------+
; Analysis & Synthesis Resource Utilization by Entity                                                                                                                                                                                                                        ;
+----------------------------------------+-------------------+--------------+-------------+--------------+---------+-----------+------+--------------+--------------------------------------------------------------------------------------------------------+--------------+
; Compilation Hierarchy Node             ; LC Combinationals ; LC Registers ; Memory Bits ; DSP Elements ; DSP 9x9 ; DSP 18x18 ; Pins ; Virtual Pins ; Full Hierarchy Name                                                                                    ; Library Name ;
+----------------------------------------+-------------------+--------------+-------------+--------------+---------+-----------+------+--------------+--------------------------------------------------------------------------------------------------------+--------------+
; |lab1CEG3156                           ; 199 (0)           ; 59 (0)       ; 0           ; 0            ; 0       ; 0         ; 50   ; 0            ; |lab1CEG3156                                                                                           ; work         ;
;    |ControlPath:inst1|                 ; 12 (12)           ; 11 (0)       ; 0           ; 0            ; 0       ; 0         ; 0    ; 0            ; |lab1CEG3156|ControlPath:inst1                                                                         ; work         ;
;       |enARdFF_2:s0|                   ; 0 (0)             ; 1 (1)        ; 0           ; 0            ; 0       ; 0         ; 0    ; 0            ; |lab1CEG3156|ControlPath:inst1|enARdFF_2:s0                                                            ; work         ;
;       |enARdFF_2:s10|                  ; 0 (0)             ; 1 (1)        ; 0           ; 0            ; 0       ; 0         ; 0    ; 0            ; |lab1CEG3156|ControlPath:inst1|enARdFF_2:s10                                                           ; work         ;
;       |enARdFF_2:s1|                   ; 0 (0)             ; 1 (1)        ; 0           ; 0            ; 0       ; 0         ; 0    ; 0            ; |lab1CEG3156|ControlPath:inst1|enARdFF_2:s1                                                            ; work         ;
;       |enARdFF_2:s2|                   ; 0 (0)             ; 1 (1)        ; 0           ; 0            ; 0       ; 0         ; 0    ; 0            ; |lab1CEG3156|ControlPath:inst1|enARdFF_2:s2                                                            ; work         ;
;       |enARdFF_2:s3|                   ; 0 (0)             ; 1 (1)        ; 0           ; 0            ; 0       ; 0         ; 0    ; 0            ; |lab1CEG3156|ControlPath:inst1|enARdFF_2:s3                                                            ; work         ;
;       |enARdFF_2:s4|                   ; 0 (0)             ; 1 (1)        ; 0           ; 0            ; 0       ; 0         ; 0    ; 0            ; |lab1CEG3156|ControlPath:inst1|enARdFF_2:s4                                                            ; work         ;
;       |enARdFF_2:s5|                   ; 0 (0)             ; 1 (1)        ; 0           ; 0            ; 0       ; 0         ; 0    ; 0            ; |lab1CEG3156|ControlPath:inst1|enARdFF_2:s5                                                            ; work         ;
;       |enARdFF_2:s6|                   ; 0 (0)             ; 1 (1)        ; 0           ; 0            ; 0       ; 0         ; 0    ; 0            ; |lab1CEG3156|ControlPath:inst1|enARdFF_2:s6                                                            ; work         ;
;       |enARdFF_2:s7|                   ; 0 (0)             ; 1 (1)        ; 0           ; 0            ; 0       ; 0         ; 0    ; 0            ; |lab1CEG3156|ControlPath:inst1|enARdFF_2:s7                                                            ; work         ;
;       |enARdFF_2:s8|                   ; 0 (0)             ; 1 (1)        ; 0           ; 0            ; 0       ; 0         ; 0    ; 0            ; |lab1CEG3156|ControlPath:inst1|enARdFF_2:s8                                                            ; work         ;
;       |enARdFF_2:s9|                   ; 0 (0)             ; 1 (1)        ; 0           ; 0            ; 0       ; 0         ; 0    ; 0            ; |lab1CEG3156|ControlPath:inst1|enARdFF_2:s9                                                            ; work         ;
;    |DataPath:inst|                     ; 187 (0)           ; 48 (0)       ; 0           ; 0            ; 0       ; 0         ; 0    ; 0            ; |lab1CEG3156|DataPath:inst                                                                             ; work         ;
;       |LSPL8Reg:MantissaOutReg|        ; 2 (2)             ; 8 (0)        ; 0           ; 0            ; 0       ; 0         ; 0    ; 0            ; |lab1CEG3156|DataPath:inst|LSPL8Reg:MantissaOutReg                                                     ; work         ;
;          |enARdFF_2:d0|                ; 0 (0)             ; 1 (1)        ; 0           ; 0            ; 0       ; 0         ; 0    ; 0            ; |lab1CEG3156|DataPath:inst|LSPL8Reg:MantissaOutReg|enARdFF_2:d0                                        ; work         ;
;          |enARdFF_2:d1|                ; 0 (0)             ; 1 (1)        ; 0           ; 0            ; 0       ; 0         ; 0    ; 0            ; |lab1CEG3156|DataPath:inst|LSPL8Reg:MantissaOutReg|enARdFF_2:d1                                        ; work         ;
;          |enARdFF_2:d2|                ; 0 (0)             ; 1 (1)        ; 0           ; 0            ; 0       ; 0         ; 0    ; 0            ; |lab1CEG3156|DataPath:inst|LSPL8Reg:MantissaOutReg|enARdFF_2:d2                                        ; work         ;
;          |enARdFF_2:d3|                ; 0 (0)             ; 1 (1)        ; 0           ; 0            ; 0       ; 0         ; 0    ; 0            ; |lab1CEG3156|DataPath:inst|LSPL8Reg:MantissaOutReg|enARdFF_2:d3                                        ; work         ;
;          |enARdFF_2:d4|                ; 0 (0)             ; 1 (1)        ; 0           ; 0            ; 0       ; 0         ; 0    ; 0            ; |lab1CEG3156|DataPath:inst|LSPL8Reg:MantissaOutReg|enARdFF_2:d4                                        ; work         ;
;          |enARdFF_2:d5|                ; 0 (0)             ; 1 (1)        ; 0           ; 0            ; 0       ; 0         ; 0    ; 0            ; |lab1CEG3156|DataPath:inst|LSPL8Reg:MantissaOutReg|enARdFF_2:d5                                        ; work         ;
;          |enARdFF_2:d6|                ; 0 (0)             ; 1 (1)        ; 0           ; 0            ; 0       ; 0         ; 0    ; 0            ; |lab1CEG3156|DataPath:inst|LSPL8Reg:MantissaOutReg|enARdFF_2:d6                                        ; work         ;
;          |enARdFF_2:d7|                ; 0 (0)             ; 1 (1)        ; 0           ; 0            ; 0       ; 0         ; 0    ; 0            ; |lab1CEG3156|DataPath:inst|LSPL8Reg:MantissaOutReg|enARdFF_2:d7                                        ; work         ;
;       |LSPL8Reg:inst25|                ; 9 (1)             ; 8 (0)        ; 0           ; 0            ; 0       ; 0         ; 0    ; 0            ; |lab1CEG3156|DataPath:inst|LSPL8Reg:inst25                                                             ; work         ;
;          |MUX2_8bit:mux|               ; 8 (0)             ; 0 (0)        ; 0           ; 0            ; 0       ; 0         ; 0    ; 0            ; |lab1CEG3156|DataPath:inst|LSPL8Reg:inst25|MUX2_8bit:mux                                               ; work         ;
;             |MUX2_1bit:m0|             ; 1 (1)             ; 0 (0)        ; 0           ; 0            ; 0       ; 0         ; 0    ; 0            ; |lab1CEG3156|DataPath:inst|LSPL8Reg:inst25|MUX2_8bit:mux|MUX2_1bit:m0                                  ; work         ;
;             |MUX2_1bit:m1|             ; 1 (1)             ; 0 (0)        ; 0           ; 0            ; 0       ; 0         ; 0    ; 0            ; |lab1CEG3156|DataPath:inst|LSPL8Reg:inst25|MUX2_8bit:mux|MUX2_1bit:m1                                  ; work         ;
;             |MUX2_1bit:m2|             ; 1 (1)             ; 0 (0)        ; 0           ; 0            ; 0       ; 0         ; 0    ; 0            ; |lab1CEG3156|DataPath:inst|LSPL8Reg:inst25|MUX2_8bit:mux|MUX2_1bit:m2                                  ; work         ;
;             |MUX2_1bit:m3|             ; 1 (1)             ; 0 (0)        ; 0           ; 0            ; 0       ; 0         ; 0    ; 0            ; |lab1CEG3156|DataPath:inst|LSPL8Reg:inst25|MUX2_8bit:mux|MUX2_1bit:m3                                  ; work         ;
;             |MUX2_1bit:m4|             ; 1 (1)             ; 0 (0)        ; 0           ; 0            ; 0       ; 0         ; 0    ; 0            ; |lab1CEG3156|DataPath:inst|LSPL8Reg:inst25|MUX2_8bit:mux|MUX2_1bit:m4                                  ; work         ;
;             |MUX2_1bit:m5|             ; 1 (1)             ; 0 (0)        ; 0           ; 0            ; 0       ; 0         ; 0    ; 0            ; |lab1CEG3156|DataPath:inst|LSPL8Reg:inst25|MUX2_8bit:mux|MUX2_1bit:m5                                  ; work         ;
;             |MUX2_1bit:m6|             ; 1 (1)             ; 0 (0)        ; 0           ; 0            ; 0       ; 0         ; 0    ; 0            ; |lab1CEG3156|DataPath:inst|LSPL8Reg:inst25|MUX2_8bit:mux|MUX2_1bit:m6                                  ; work         ;
;             |MUX2_1bit:m7|             ; 1 (1)             ; 0 (0)        ; 0           ; 0            ; 0       ; 0         ; 0    ; 0            ; |lab1CEG3156|DataPath:inst|LSPL8Reg:inst25|MUX2_8bit:mux|MUX2_1bit:m7                                  ; work         ;
;          |enARdFF_2:d0|                ; 0 (0)             ; 1 (1)        ; 0           ; 0            ; 0       ; 0         ; 0    ; 0            ; |lab1CEG3156|DataPath:inst|LSPL8Reg:inst25|enARdFF_2:d0                                                ; work         ;
;          |enARdFF_2:d1|                ; 0 (0)             ; 1 (1)        ; 0           ; 0            ; 0       ; 0         ; 0    ; 0            ; |lab1CEG3156|DataPath:inst|LSPL8Reg:inst25|enARdFF_2:d1                                                ; work         ;
;          |enARdFF_2:d2|                ; 0 (0)             ; 1 (1)        ; 0           ; 0            ; 0       ; 0         ; 0    ; 0            ; |lab1CEG3156|DataPath:inst|LSPL8Reg:inst25|enARdFF_2:d2                                                ; work         ;
;          |enARdFF_2:d3|                ; 0 (0)             ; 1 (1)        ; 0           ; 0            ; 0       ; 0         ; 0    ; 0            ; |lab1CEG3156|DataPath:inst|LSPL8Reg:inst25|enARdFF_2:d3                                                ; work         ;
;          |enARdFF_2:d4|                ; 0 (0)             ; 1 (1)        ; 0           ; 0            ; 0       ; 0         ; 0    ; 0            ; |lab1CEG3156|DataPath:inst|LSPL8Reg:inst25|enARdFF_2:d4                                                ; work         ;
;          |enARdFF_2:d5|                ; 0 (0)             ; 1 (1)        ; 0           ; 0            ; 0       ; 0         ; 0    ; 0            ; |lab1CEG3156|DataPath:inst|LSPL8Reg:inst25|enARdFF_2:d5                                                ; work         ;
;          |enARdFF_2:d6|                ; 0 (0)             ; 1 (1)        ; 0           ; 0            ; 0       ; 0         ; 0    ; 0            ; |lab1CEG3156|DataPath:inst|LSPL8Reg:inst25|enARdFF_2:d6                                                ; work         ;
;          |enARdFF_2:d7|                ; 0 (0)             ; 1 (1)        ; 0           ; 0            ; 0       ; 0         ; 0    ; 0            ; |lab1CEG3156|DataPath:inst|LSPL8Reg:inst25|enARdFF_2:d7                                                ; work         ;
;       |LSPL8Reg:inst26|                ; 8 (0)             ; 8 (0)        ; 0           ; 0            ; 0       ; 0         ; 0    ; 0            ; |lab1CEG3156|DataPath:inst|LSPL8Reg:inst26                                                             ; work         ;
;          |MUX2_8bit:mux|               ; 8 (0)             ; 0 (0)        ; 0           ; 0            ; 0       ; 0         ; 0    ; 0            ; |lab1CEG3156|DataPath:inst|LSPL8Reg:inst26|MUX2_8bit:mux                                               ; work         ;
;             |MUX2_1bit:m0|             ; 1 (1)             ; 0 (0)        ; 0           ; 0            ; 0       ; 0         ; 0    ; 0            ; |lab1CEG3156|DataPath:inst|LSPL8Reg:inst26|MUX2_8bit:mux|MUX2_1bit:m0                                  ; work         ;
;             |MUX2_1bit:m1|             ; 1 (1)             ; 0 (0)        ; 0           ; 0            ; 0       ; 0         ; 0    ; 0            ; |lab1CEG3156|DataPath:inst|LSPL8Reg:inst26|MUX2_8bit:mux|MUX2_1bit:m1                                  ; work         ;
;             |MUX2_1bit:m2|             ; 1 (1)             ; 0 (0)        ; 0           ; 0            ; 0       ; 0         ; 0    ; 0            ; |lab1CEG3156|DataPath:inst|LSPL8Reg:inst26|MUX2_8bit:mux|MUX2_1bit:m2                                  ; work         ;
;             |MUX2_1bit:m3|             ; 1 (1)             ; 0 (0)        ; 0           ; 0            ; 0       ; 0         ; 0    ; 0            ; |lab1CEG3156|DataPath:inst|LSPL8Reg:inst26|MUX2_8bit:mux|MUX2_1bit:m3                                  ; work         ;
;             |MUX2_1bit:m4|             ; 1 (1)             ; 0 (0)        ; 0           ; 0            ; 0       ; 0         ; 0    ; 0            ; |lab1CEG3156|DataPath:inst|LSPL8Reg:inst26|MUX2_8bit:mux|MUX2_1bit:m4                                  ; work         ;
;             |MUX2_1bit:m5|             ; 1 (1)             ; 0 (0)        ; 0           ; 0            ; 0       ; 0         ; 0    ; 0            ; |lab1CEG3156|DataPath:inst|LSPL8Reg:inst26|MUX2_8bit:mux|MUX2_1bit:m5                                  ; work         ;
;             |MUX2_1bit:m6|             ; 1 (1)             ; 0 (0)        ; 0           ; 0            ; 0       ; 0         ; 0    ; 0            ; |lab1CEG3156|DataPath:inst|LSPL8Reg:inst26|MUX2_8bit:mux|MUX2_1bit:m6                                  ; work         ;
;             |MUX2_1bit:m7|             ; 1 (1)             ; 0 (0)        ; 0           ; 0            ; 0       ; 0         ; 0    ; 0            ; |lab1CEG3156|DataPath:inst|LSPL8Reg:inst26|MUX2_8bit:mux|MUX2_1bit:m7                                  ; work         ;
;          |enARdFF_2:d0|                ; 0 (0)             ; 1 (1)        ; 0           ; 0            ; 0       ; 0         ; 0    ; 0            ; |lab1CEG3156|DataPath:inst|LSPL8Reg:inst26|enARdFF_2:d0                                                ; work         ;
;          |enARdFF_2:d1|                ; 0 (0)             ; 1 (1)        ; 0           ; 0            ; 0       ; 0         ; 0    ; 0            ; |lab1CEG3156|DataPath:inst|LSPL8Reg:inst26|enARdFF_2:d1                                                ; work         ;
;          |enARdFF_2:d2|                ; 0 (0)             ; 1 (1)        ; 0           ; 0            ; 0       ; 0         ; 0    ; 0            ; |lab1CEG3156|DataPath:inst|LSPL8Reg:inst26|enARdFF_2:d2                                                ; work         ;
;          |enARdFF_2:d3|                ; 0 (0)             ; 1 (1)        ; 0           ; 0            ; 0       ; 0         ; 0    ; 0            ; |lab1CEG3156|DataPath:inst|LSPL8Reg:inst26|enARdFF_2:d3                                                ; work         ;
;          |enARdFF_2:d4|                ; 0 (0)             ; 1 (1)        ; 0           ; 0            ; 0       ; 0         ; 0    ; 0            ; |lab1CEG3156|DataPath:inst|LSPL8Reg:inst26|enARdFF_2:d4                                                ; work         ;
;          |enARdFF_2:d5|                ; 0 (0)             ; 1 (1)        ; 0           ; 0            ; 0       ; 0         ; 0    ; 0            ; |lab1CEG3156|DataPath:inst|LSPL8Reg:inst26|enARdFF_2:d5                                                ; work         ;
;          |enARdFF_2:d6|                ; 0 (0)             ; 1 (1)        ; 0           ; 0            ; 0       ; 0         ; 0    ; 0            ; |lab1CEG3156|DataPath:inst|LSPL8Reg:inst26|enARdFF_2:d6                                                ; work         ;
;          |enARdFF_2:d7|                ; 0 (0)             ; 1 (1)        ; 0           ; 0            ; 0       ; 0         ; 0    ; 0            ; |lab1CEG3156|DataPath:inst|LSPL8Reg:inst26|enARdFF_2:d7                                                ; work         ;
;       |MUX2_8bit:compB|                ; 10 (0)            ; 0 (0)        ; 0           ; 0            ; 0       ; 0         ; 0    ; 0            ; |lab1CEG3156|DataPath:inst|MUX2_8bit:compB                                                             ; work         ;
;          |MUX2_1bit:m1|                ; 2 (2)             ; 0 (0)        ; 0           ; 0            ; 0       ; 0         ; 0    ; 0            ; |lab1CEG3156|DataPath:inst|MUX2_8bit:compB|MUX2_1bit:m1                                                ; work         ;
;          |MUX2_1bit:m2|                ; 2 (2)             ; 0 (0)        ; 0           ; 0            ; 0       ; 0         ; 0    ; 0            ; |lab1CEG3156|DataPath:inst|MUX2_8bit:compB|MUX2_1bit:m2                                                ; work         ;
;          |MUX2_1bit:m3|                ; 2 (2)             ; 0 (0)        ; 0           ; 0            ; 0       ; 0         ; 0    ; 0            ; |lab1CEG3156|DataPath:inst|MUX2_8bit:compB|MUX2_1bit:m3                                                ; work         ;
;          |MUX2_1bit:m4|                ; 2 (2)             ; 0 (0)        ; 0           ; 0            ; 0       ; 0         ; 0    ; 0            ; |lab1CEG3156|DataPath:inst|MUX2_8bit:compB|MUX2_1bit:m4                                                ; work         ;
;          |MUX2_1bit:m5|                ; 2 (2)             ; 0 (0)        ; 0           ; 0            ; 0       ; 0         ; 0    ; 0            ; |lab1CEG3156|DataPath:inst|MUX2_8bit:compB|MUX2_1bit:m5                                                ; work         ;
;       |MUX2_8bit:inst3|                ; 1 (0)             ; 0 (0)        ; 0           ; 0            ; 0       ; 0         ; 0    ; 0            ; |lab1CEG3156|DataPath:inst|MUX2_8bit:inst3                                                             ; work         ;
;          |MUX2_1bit:m0|                ; 1 (1)             ; 0 (0)        ; 0           ; 0            ; 0       ; 0         ; 0    ; 0            ; |lab1CEG3156|DataPath:inst|MUX2_8bit:inst3|MUX2_1bit:m0                                                ; work         ;
;       |comparator8_bit:CompExponent|   ; 26 (26)           ; 0 (0)        ; 0           ; 0            ; 0       ; 0         ; 0    ; 0            ; |lab1CEG3156|DataPath:inst|comparator8_bit:CompExponent                                                ; work         ;
;       |comparator8_bit:CompMantissa|   ; 23 (23)           ; 0 (0)        ; 0           ; 0            ; 0       ; 0         ; 0    ; 0            ; |lab1CEG3156|DataPath:inst|comparator8_bit:CompMantissa                                                ; work         ;
;       |complementor8_bit:inst20|       ; 14 (14)           ; 0 (0)        ; 0           ; 0            ; 0       ; 0         ; 0    ; 0            ; |lab1CEG3156|DataPath:inst|complementor8_bit:inst20                                                    ; work         ;
;       |complementor8_bit:inst21|       ; 7 (7)             ; 0 (0)        ; 0           ; 0            ; 0       ; 0         ; 0    ; 0            ; |lab1CEG3156|DataPath:inst|complementor8_bit:inst21                                                    ; work         ;
;       |complementor8_bit:inst2|        ; 15 (15)           ; 0 (0)        ; 0           ; 0            ; 0       ; 0         ; 0    ; 0            ; |lab1CEG3156|DataPath:inst|complementor8_bit:inst2                                                     ; work         ;
;       |enARdFF_2:SignOutReg|           ; 2 (2)             ; 1 (1)        ; 0           ; 0            ; 0       ; 0         ; 0    ; 0            ; |lab1CEG3156|DataPath:inst|enARdFF_2:SignOutReg                                                        ; work         ;
;       |enARdFF_2:SnA|                  ; 0 (0)             ; 1 (1)        ; 0           ; 0            ; 0       ; 0         ; 0    ; 0            ; |lab1CEG3156|DataPath:inst|enARdFF_2:SnA                                                               ; work         ;
;       |enARdFF_2:SnB|                  ; 0 (0)             ; 1 (1)        ; 0           ; 0            ; 0       ; 0         ; 0    ; 0            ; |lab1CEG3156|DataPath:inst|enARdFF_2:SnB                                                               ; work         ;
;       |fullAdder8_bit:inst|            ; 14 (0)            ; 0 (0)        ; 0           ; 0            ; 0       ; 0         ; 0    ; 0            ; |lab1CEG3156|DataPath:inst|fullAdder8_bit:inst                                                         ; work         ;
;          |fullAdder:bit0|              ; 1 (1)             ; 0 (0)        ; 0           ; 0            ; 0       ; 0         ; 0    ; 0            ; |lab1CEG3156|DataPath:inst|fullAdder8_bit:inst|fullAdder:bit0                                          ; work         ;
;          |fullAdder:bit1|              ; 2 (2)             ; 0 (0)        ; 0           ; 0            ; 0       ; 0         ; 0    ; 0            ; |lab1CEG3156|DataPath:inst|fullAdder8_bit:inst|fullAdder:bit1                                          ; work         ;
;          |fullAdder:bit2|              ; 2 (2)             ; 0 (0)        ; 0           ; 0            ; 0       ; 0         ; 0    ; 0            ; |lab1CEG3156|DataPath:inst|fullAdder8_bit:inst|fullAdder:bit2                                          ; work         ;
;          |fullAdder:bit3|              ; 2 (2)             ; 0 (0)        ; 0           ; 0            ; 0       ; 0         ; 0    ; 0            ; |lab1CEG3156|DataPath:inst|fullAdder8_bit:inst|fullAdder:bit3                                          ; work         ;
;          |fullAdder:bit4|              ; 2 (2)             ; 0 (0)        ; 0           ; 0            ; 0       ; 0         ; 0    ; 0            ; |lab1CEG3156|DataPath:inst|fullAdder8_bit:inst|fullAdder:bit4                                          ; work         ;
;          |fullAdder:bit5|              ; 2 (2)             ; 0 (0)        ; 0           ; 0            ; 0       ; 0         ; 0    ; 0            ; |lab1CEG3156|DataPath:inst|fullAdder8_bit:inst|fullAdder:bit5                                          ; work         ;
;          |fullAdder:bit6|              ; 2 (2)             ; 0 (0)        ; 0           ; 0            ; 0       ; 0         ; 0    ; 0            ; |lab1CEG3156|DataPath:inst|fullAdder8_bit:inst|fullAdder:bit6                                          ; work         ;
;          |fullAdder:bit7|              ; 1 (1)             ; 0 (0)        ; 0           ; 0            ; 0       ; 0         ; 0    ; 0            ; |lab1CEG3156|DataPath:inst|fullAdder8_bit:inst|fullAdder:bit7                                          ; work         ;
;       |loadableCounter:ExpA|           ; 19 (1)            ; 7 (0)        ; 0           ; 0            ; 0       ; 0         ; 0    ; 0            ; |lab1CEG3156|DataPath:inst|loadableCounter:ExpA                                                        ; work         ;
;          |ESPL7counter:inst|           ; 18 (1)            ; 7 (0)        ; 0           ; 0            ; 0       ; 0         ; 0    ; 0            ; |lab1CEG3156|DataPath:inst|loadableCounter:ExpA|ESPL7counter:inst                                      ; work         ;
;             |jkFF_2:jk0|               ; 2 (0)             ; 1 (0)        ; 0           ; 0            ; 0       ; 0         ; 0    ; 0            ; |lab1CEG3156|DataPath:inst|loadableCounter:ExpA|ESPL7counter:inst|jkFF_2:jk0                           ; work         ;
;                |dFF_2:dFlipFlop|       ; 2 (2)             ; 1 (1)        ; 0           ; 0            ; 0       ; 0         ; 0    ; 0            ; |lab1CEG3156|DataPath:inst|loadableCounter:ExpA|ESPL7counter:inst|jkFF_2:jk0|dFF_2:dFlipFlop           ; work         ;
;             |jkFF_2:jk1|               ; 2 (0)             ; 1 (0)        ; 0           ; 0            ; 0       ; 0         ; 0    ; 0            ; |lab1CEG3156|DataPath:inst|loadableCounter:ExpA|ESPL7counter:inst|jkFF_2:jk1                           ; work         ;
;                |dFF_2:dFlipFlop|       ; 2 (2)             ; 1 (1)        ; 0           ; 0            ; 0       ; 0         ; 0    ; 0            ; |lab1CEG3156|DataPath:inst|loadableCounter:ExpA|ESPL7counter:inst|jkFF_2:jk1|dFF_2:dFlipFlop           ; work         ;
;             |jkFF_2:jk2|               ; 2 (0)             ; 1 (0)        ; 0           ; 0            ; 0       ; 0         ; 0    ; 0            ; |lab1CEG3156|DataPath:inst|loadableCounter:ExpA|ESPL7counter:inst|jkFF_2:jk2                           ; work         ;
;                |dFF_2:dFlipFlop|       ; 2 (2)             ; 1 (1)        ; 0           ; 0            ; 0       ; 0         ; 0    ; 0            ; |lab1CEG3156|DataPath:inst|loadableCounter:ExpA|ESPL7counter:inst|jkFF_2:jk2|dFF_2:dFlipFlop           ; work         ;
;             |jkFF_2:jk3|               ; 2 (0)             ; 1 (0)        ; 0           ; 0            ; 0       ; 0         ; 0    ; 0            ; |lab1CEG3156|DataPath:inst|loadableCounter:ExpA|ESPL7counter:inst|jkFF_2:jk3                           ; work         ;
;                |dFF_2:dFlipFlop|       ; 2 (2)             ; 1 (1)        ; 0           ; 0            ; 0       ; 0         ; 0    ; 0            ; |lab1CEG3156|DataPath:inst|loadableCounter:ExpA|ESPL7counter:inst|jkFF_2:jk3|dFF_2:dFlipFlop           ; work         ;
;             |jkFF_2:jk4|               ; 3 (0)             ; 1 (0)        ; 0           ; 0            ; 0       ; 0         ; 0    ; 0            ; |lab1CEG3156|DataPath:inst|loadableCounter:ExpA|ESPL7counter:inst|jkFF_2:jk4                           ; work         ;
;                |dFF_2:dFlipFlop|       ; 3 (3)             ; 1 (1)        ; 0           ; 0            ; 0       ; 0         ; 0    ; 0            ; |lab1CEG3156|DataPath:inst|loadableCounter:ExpA|ESPL7counter:inst|jkFF_2:jk4|dFF_2:dFlipFlop           ; work         ;
;             |jkFF_2:jk5|               ; 3 (0)             ; 1 (0)        ; 0           ; 0            ; 0       ; 0         ; 0    ; 0            ; |lab1CEG3156|DataPath:inst|loadableCounter:ExpA|ESPL7counter:inst|jkFF_2:jk5                           ; work         ;
;                |dFF_2:dFlipFlop|       ; 3 (3)             ; 1 (1)        ; 0           ; 0            ; 0       ; 0         ; 0    ; 0            ; |lab1CEG3156|DataPath:inst|loadableCounter:ExpA|ESPL7counter:inst|jkFF_2:jk5|dFF_2:dFlipFlop           ; work         ;
;             |jkFF_2:jk6|               ; 3 (0)             ; 1 (0)        ; 0           ; 0            ; 0       ; 0         ; 0    ; 0            ; |lab1CEG3156|DataPath:inst|loadableCounter:ExpA|ESPL7counter:inst|jkFF_2:jk6                           ; work         ;
;                |dFF_2:dFlipFlop|       ; 3 (3)             ; 1 (1)        ; 0           ; 0            ; 0       ; 0         ; 0    ; 0            ; |lab1CEG3156|DataPath:inst|loadableCounter:ExpA|ESPL7counter:inst|jkFF_2:jk6|dFF_2:dFlipFlop           ; work         ;
;       |loadableCounter:ExpB|           ; 18 (0)            ; 7 (0)        ; 0           ; 0            ; 0       ; 0         ; 0    ; 0            ; |lab1CEG3156|DataPath:inst|loadableCounter:ExpB                                                        ; work         ;
;          |ESPL7counter:inst|           ; 18 (1)            ; 7 (0)        ; 0           ; 0            ; 0       ; 0         ; 0    ; 0            ; |lab1CEG3156|DataPath:inst|loadableCounter:ExpB|ESPL7counter:inst                                      ; work         ;
;             |jkFF_2:jk0|               ; 2 (0)             ; 1 (0)        ; 0           ; 0            ; 0       ; 0         ; 0    ; 0            ; |lab1CEG3156|DataPath:inst|loadableCounter:ExpB|ESPL7counter:inst|jkFF_2:jk0                           ; work         ;
;                |dFF_2:dFlipFlop|       ; 2 (2)             ; 1 (1)        ; 0           ; 0            ; 0       ; 0         ; 0    ; 0            ; |lab1CEG3156|DataPath:inst|loadableCounter:ExpB|ESPL7counter:inst|jkFF_2:jk0|dFF_2:dFlipFlop           ; work         ;
;             |jkFF_2:jk1|               ; 2 (0)             ; 1 (0)        ; 0           ; 0            ; 0       ; 0         ; 0    ; 0            ; |lab1CEG3156|DataPath:inst|loadableCounter:ExpB|ESPL7counter:inst|jkFF_2:jk1                           ; work         ;
;                |dFF_2:dFlipFlop|       ; 2 (2)             ; 1 (1)        ; 0           ; 0            ; 0       ; 0         ; 0    ; 0            ; |lab1CEG3156|DataPath:inst|loadableCounter:ExpB|ESPL7counter:inst|jkFF_2:jk1|dFF_2:dFlipFlop           ; work         ;
;             |jkFF_2:jk2|               ; 2 (0)             ; 1 (0)        ; 0           ; 0            ; 0       ; 0         ; 0    ; 0            ; |lab1CEG3156|DataPath:inst|loadableCounter:ExpB|ESPL7counter:inst|jkFF_2:jk2                           ; work         ;
;                |dFF_2:dFlipFlop|       ; 2 (2)             ; 1 (1)        ; 0           ; 0            ; 0       ; 0         ; 0    ; 0            ; |lab1CEG3156|DataPath:inst|loadableCounter:ExpB|ESPL7counter:inst|jkFF_2:jk2|dFF_2:dFlipFlop           ; work         ;
;             |jkFF_2:jk3|               ; 3 (0)             ; 1 (0)        ; 0           ; 0            ; 0       ; 0         ; 0    ; 0            ; |lab1CEG3156|DataPath:inst|loadableCounter:ExpB|ESPL7counter:inst|jkFF_2:jk3                           ; work         ;
;                |dFF_2:dFlipFlop|       ; 3 (3)             ; 1 (1)        ; 0           ; 0            ; 0       ; 0         ; 0    ; 0            ; |lab1CEG3156|DataPath:inst|loadableCounter:ExpB|ESPL7counter:inst|jkFF_2:jk3|dFF_2:dFlipFlop           ; work         ;
;             |jkFF_2:jk4|               ; 2 (0)             ; 1 (0)        ; 0           ; 0            ; 0       ; 0         ; 0    ; 0            ; |lab1CEG3156|DataPath:inst|loadableCounter:ExpB|ESPL7counter:inst|jkFF_2:jk4                           ; work         ;
;                |dFF_2:dFlipFlop|       ; 2 (2)             ; 1 (1)        ; 0           ; 0            ; 0       ; 0         ; 0    ; 0            ; |lab1CEG3156|DataPath:inst|loadableCounter:ExpB|ESPL7counter:inst|jkFF_2:jk4|dFF_2:dFlipFlop           ; work         ;
;             |jkFF_2:jk5|               ; 3 (0)             ; 1 (0)        ; 0           ; 0            ; 0       ; 0         ; 0    ; 0            ; |lab1CEG3156|DataPath:inst|loadableCounter:ExpB|ESPL7counter:inst|jkFF_2:jk5                           ; work         ;
;                |dFF_2:dFlipFlop|       ; 3 (3)             ; 1 (1)        ; 0           ; 0            ; 0       ; 0         ; 0    ; 0            ; |lab1CEG3156|DataPath:inst|loadableCounter:ExpB|ESPL7counter:inst|jkFF_2:jk5|dFF_2:dFlipFlop           ; work         ;
;             |jkFF_2:jk6|               ; 3 (0)             ; 1 (0)        ; 0           ; 0            ; 0       ; 0         ; 0    ; 0            ; |lab1CEG3156|DataPath:inst|loadableCounter:ExpB|ESPL7counter:inst|jkFF_2:jk6                           ; work         ;
;                |dFF_2:dFlipFlop|       ; 3 (3)             ; 1 (1)        ; 0           ; 0            ; 0       ; 0         ; 0    ; 0            ; |lab1CEG3156|DataPath:inst|loadableCounter:ExpB|ESPL7counter:inst|jkFF_2:jk6|dFF_2:dFlipFlop           ; work         ;
;       |loadableCounter:ExponentOutReg| ; 19 (1)            ; 7 (0)        ; 0           ; 0            ; 0       ; 0         ; 0    ; 0            ; |lab1CEG3156|DataPath:inst|loadableCounter:ExponentOutReg                                              ; work         ;
;          |ESPL7counter:inst|           ; 18 (1)            ; 7 (0)        ; 0           ; 0            ; 0       ; 0         ; 0    ; 0            ; |lab1CEG3156|DataPath:inst|loadableCounter:ExponentOutReg|ESPL7counter:inst                            ; work         ;
;             |jkFF_2:jk0|               ; 2 (0)             ; 1 (0)        ; 0           ; 0            ; 0       ; 0         ; 0    ; 0            ; |lab1CEG3156|DataPath:inst|loadableCounter:ExponentOutReg|ESPL7counter:inst|jkFF_2:jk0                 ; work         ;
;                |dFF_2:dFlipFlop|       ; 2 (2)             ; 1 (1)        ; 0           ; 0            ; 0       ; 0         ; 0    ; 0            ; |lab1CEG3156|DataPath:inst|loadableCounter:ExponentOutReg|ESPL7counter:inst|jkFF_2:jk0|dFF_2:dFlipFlop ; work         ;
;             |jkFF_2:jk1|               ; 2 (0)             ; 1 (0)        ; 0           ; 0            ; 0       ; 0         ; 0    ; 0            ; |lab1CEG3156|DataPath:inst|loadableCounter:ExponentOutReg|ESPL7counter:inst|jkFF_2:jk1                 ; work         ;
;                |dFF_2:dFlipFlop|       ; 2 (2)             ; 1 (1)        ; 0           ; 0            ; 0       ; 0         ; 0    ; 0            ; |lab1CEG3156|DataPath:inst|loadableCounter:ExponentOutReg|ESPL7counter:inst|jkFF_2:jk1|dFF_2:dFlipFlop ; work         ;
;             |jkFF_2:jk2|               ; 2 (0)             ; 1 (0)        ; 0           ; 0            ; 0       ; 0         ; 0    ; 0            ; |lab1CEG3156|DataPath:inst|loadableCounter:ExponentOutReg|ESPL7counter:inst|jkFF_2:jk2                 ; work         ;
;                |dFF_2:dFlipFlop|       ; 2 (2)             ; 1 (1)        ; 0           ; 0            ; 0       ; 0         ; 0    ; 0            ; |lab1CEG3156|DataPath:inst|loadableCounter:ExponentOutReg|ESPL7counter:inst|jkFF_2:jk2|dFF_2:dFlipFlop ; work         ;
;             |jkFF_2:jk3|               ; 2 (0)             ; 1 (0)        ; 0           ; 0            ; 0       ; 0         ; 0    ; 0            ; |lab1CEG3156|DataPath:inst|loadableCounter:ExponentOutReg|ESPL7counter:inst|jkFF_2:jk3                 ; work         ;
;                |dFF_2:dFlipFlop|       ; 2 (2)             ; 1 (1)        ; 0           ; 0            ; 0       ; 0         ; 0    ; 0            ; |lab1CEG3156|DataPath:inst|loadableCounter:ExponentOutReg|ESPL7counter:inst|jkFF_2:jk3|dFF_2:dFlipFlop ; work         ;
;             |jkFF_2:jk4|               ; 3 (0)             ; 1 (0)        ; 0           ; 0            ; 0       ; 0         ; 0    ; 0            ; |lab1CEG3156|DataPath:inst|loadableCounter:ExponentOutReg|ESPL7counter:inst|jkFF_2:jk4                 ; work         ;
;                |dFF_2:dFlipFlop|       ; 3 (3)             ; 1 (1)        ; 0           ; 0            ; 0       ; 0         ; 0    ; 0            ; |lab1CEG3156|DataPath:inst|loadableCounter:ExponentOutReg|ESPL7counter:inst|jkFF_2:jk4|dFF_2:dFlipFlop ; work         ;
;             |jkFF_2:jk5|               ; 2 (0)             ; 1 (0)        ; 0           ; 0            ; 0       ; 0         ; 0    ; 0            ; |lab1CEG3156|DataPath:inst|loadableCounter:ExponentOutReg|ESPL7counter:inst|jkFF_2:jk5                 ; work         ;
;                |dFF_2:dFlipFlop|       ; 2 (2)             ; 1 (1)        ; 0           ; 0            ; 0       ; 0         ; 0    ; 0            ; |lab1CEG3156|DataPath:inst|loadableCounter:ExponentOutReg|ESPL7counter:inst|jkFF_2:jk5|dFF_2:dFlipFlop ; work         ;
;             |jkFF_2:jk6|               ; 4 (0)             ; 1 (0)        ; 0           ; 0            ; 0       ; 0         ; 0    ; 0            ; |lab1CEG3156|DataPath:inst|loadableCounter:ExponentOutReg|ESPL7counter:inst|jkFF_2:jk6                 ; work         ;
;                |dFF_2:dFlipFlop|       ; 4 (4)             ; 1 (1)        ; 0           ; 0            ; 0       ; 0         ; 0    ; 0            ; |lab1CEG3156|DataPath:inst|loadableCounter:ExponentOutReg|ESPL7counter:inst|jkFF_2:jk6|dFF_2:dFlipFlop ; work         ;
+----------------------------------------+-------------------+--------------+-------------+--------------+---------+-----------+------+--------------+--------------------------------------------------------------------------------------------------------+--------------+
Note: For table entries with two numbers listed, the numbers in parentheses indicate the number of resources of the given type used by the specific entity alone. The numbers listed outside of parentheses indicate the total resources of the given type used by the specific entity and all of its sub-entities in the hierarchy.


+---------------------------------------------------------------------------------------------------+
; User-Specified and Inferred Latches                                                               ;
+----------------------------------------------------+---------------------+------------------------+
; Latch Name                                         ; Latch Enable Signal ; Free of Timing Hazards ;
+----------------------------------------------------+---------------------+------------------------+
; DataPath:inst|comparator8_bit:CompMantissa|outs[0] ; GND                 ; yes                    ;
; DataPath:inst|comparator8_bit:CompExponent|outs[1] ; GND                 ; yes                    ;
; DataPath:inst|comparator8_bit:CompExponent|outs[0] ; GND                 ; yes                    ;
; DataPath:inst|comparator8_bit:CompExponent|outs[2] ; GND                 ; yes                    ;
; Number of user-specified and inferred latches = 4  ;                     ;                        ;
+----------------------------------------------------+---------------------+------------------------+
Note: All latches listed above may not be present at the end of synthesis due to various synthesis optimizations.


+------------------------------------------------------+
; General Register Statistics                          ;
+----------------------------------------------+-------+
; Statistic                                    ; Value ;
+----------------------------------------------+-------+
; Total registers                              ; 59    ;
; Number of registers using Synchronous Clear  ; 1     ;
; Number of registers using Synchronous Load   ; 7     ;
; Number of registers using Asynchronous Clear ; 38    ;
; Number of registers using Asynchronous Load  ; 0     ;
; Number of registers using Clock Enable       ; 26    ;
; Number of registers using Preset             ; 0     ;
+----------------------------------------------+-------+


+-------------------------------------------------------------------------------------------------------------------------------------------------------------------------------------+
; Multiplexer Restructuring Statistics (Restructuring Performed)                                                                                                                      ;
+--------------------+-----------+---------------+----------------------+------------------------+------------+-----------------------------------------------------------------------+
; Multiplexer Inputs ; Bus Width ; Baseline Area ; Area if Restructured ; Saving if Restructured ; Registered ; Example Multiplexer Output                                            ;
+--------------------+-----------+---------------+----------------------+------------------------+------------+-----------------------------------------------------------------------+
; 3:1                ; 7 bits    ; 14 LEs        ; 14 LEs               ; 0 LEs                  ; Yes        ; |lab1CEG3156|DataPath:inst|LSPL8Reg:MantissaOutReg|enARdFF_2:d7|int_q ;
+--------------------+-----------+---------------+----------------------+------------------------+------------+-----------------------------------------------------------------------+


+--------------------------------------------------------------------------------------------------------------------+
; Port Connectivity Checks: "ControlPath:inst1|enARdFF_2:s10"                                                        ;
+----------+--------+----------+-------------------------------------------------------------------------------------+
; Port     ; Type   ; Severity ; Details                                                                             ;
+----------+--------+----------+-------------------------------------------------------------------------------------+
; i_enable ; Input  ; Info     ; Stuck at VCC                                                                        ;
; o_qbar   ; Output ; Info     ; Connected to dangling logic. Logic that only feeds a dangling port will be removed. ;
+----------+--------+----------+-------------------------------------------------------------------------------------+


+--------------------------------------------------------------------------------------------------------------------+
; Port Connectivity Checks: "ControlPath:inst1|enARdFF_2:s9"                                                         ;
+----------+--------+----------+-------------------------------------------------------------------------------------+
; Port     ; Type   ; Severity ; Details                                                                             ;
+----------+--------+----------+-------------------------------------------------------------------------------------+
; i_enable ; Input  ; Info     ; Stuck at VCC                                                                        ;
; o_qbar   ; Output ; Info     ; Connected to dangling logic. Logic that only feeds a dangling port will be removed. ;
+----------+--------+----------+-------------------------------------------------------------------------------------+


+--------------------------------------------------------------------------------------------------------------------+
; Port Connectivity Checks: "ControlPath:inst1|enARdFF_2:s8"                                                         ;
+----------+--------+----------+-------------------------------------------------------------------------------------+
; Port     ; Type   ; Severity ; Details                                                                             ;
+----------+--------+----------+-------------------------------------------------------------------------------------+
; i_enable ; Input  ; Info     ; Stuck at VCC                                                                        ;
; o_qbar   ; Output ; Info     ; Connected to dangling logic. Logic that only feeds a dangling port will be removed. ;
+----------+--------+----------+-------------------------------------------------------------------------------------+


+--------------------------------------------------------------------------------------------------------------------+
; Port Connectivity Checks: "ControlPath:inst1|enARdFF_2:s7"                                                         ;
+----------+--------+----------+-------------------------------------------------------------------------------------+
; Port     ; Type   ; Severity ; Details                                                                             ;
+----------+--------+----------+-------------------------------------------------------------------------------------+
; i_enable ; Input  ; Info     ; Stuck at VCC                                                                        ;
; o_qbar   ; Output ; Info     ; Connected to dangling logic. Logic that only feeds a dangling port will be removed. ;
+----------+--------+----------+-------------------------------------------------------------------------------------+


+--------------------------------------------------------------------------------------------------------------------+
; Port Connectivity Checks: "ControlPath:inst1|enARdFF_2:s6"                                                         ;
+----------+--------+----------+-------------------------------------------------------------------------------------+
; Port     ; Type   ; Severity ; Details                                                                             ;
+----------+--------+----------+-------------------------------------------------------------------------------------+
; i_enable ; Input  ; Info     ; Stuck at VCC                                                                        ;
; o_qbar   ; Output ; Info     ; Connected to dangling logic. Logic that only feeds a dangling port will be removed. ;
+----------+--------+----------+-------------------------------------------------------------------------------------+


+--------------------------------------------------------------------------------------------------------------------+
; Port Connectivity Checks: "ControlPath:inst1|enARdFF_2:s5"                                                         ;
+----------+--------+----------+-------------------------------------------------------------------------------------+
; Port     ; Type   ; Severity ; Details                                                                             ;
+----------+--------+----------+-------------------------------------------------------------------------------------+
; i_enable ; Input  ; Info     ; Stuck at VCC                                                                        ;
; o_qbar   ; Output ; Info     ; Connected to dangling logic. Logic that only feeds a dangling port will be removed. ;
+----------+--------+----------+-------------------------------------------------------------------------------------+


+--------------------------------------------------------------------------------------------------------------------+
; Port Connectivity Checks: "ControlPath:inst1|enARdFF_2:s4"                                                         ;
+----------+--------+----------+-------------------------------------------------------------------------------------+
; Port     ; Type   ; Severity ; Details                                                                             ;
+----------+--------+----------+-------------------------------------------------------------------------------------+
; i_enable ; Input  ; Info     ; Stuck at VCC                                                                        ;
; o_qbar   ; Output ; Info     ; Connected to dangling logic. Logic that only feeds a dangling port will be removed. ;
+----------+--------+----------+-------------------------------------------------------------------------------------+


+--------------------------------------------------------------------------------------------------------------------+
; Port Connectivity Checks: "ControlPath:inst1|enARdFF_2:s3"                                                         ;
+----------+--------+----------+-------------------------------------------------------------------------------------+
; Port     ; Type   ; Severity ; Details                                                                             ;
+----------+--------+----------+-------------------------------------------------------------------------------------+
; i_enable ; Input  ; Info     ; Stuck at VCC                                                                        ;
; o_qbar   ; Output ; Info     ; Connected to dangling logic. Logic that only feeds a dangling port will be removed. ;
+----------+--------+----------+-------------------------------------------------------------------------------------+


+--------------------------------------------------------------------------------------------------------------------+
; Port Connectivity Checks: "ControlPath:inst1|enARdFF_2:s2"                                                         ;
+----------+--------+----------+-------------------------------------------------------------------------------------+
; Port     ; Type   ; Severity ; Details                                                                             ;
+----------+--------+----------+-------------------------------------------------------------------------------------+
; i_enable ; Input  ; Info     ; Stuck at VCC                                                                        ;
; o_qbar   ; Output ; Info     ; Connected to dangling logic. Logic that only feeds a dangling port will be removed. ;
+----------+--------+----------+-------------------------------------------------------------------------------------+


+--------------------------------------------------------------------------------------------------------------------+
; Port Connectivity Checks: "ControlPath:inst1|enARdFF_2:s1"                                                         ;
+----------+--------+----------+-------------------------------------------------------------------------------------+
; Port     ; Type   ; Severity ; Details                                                                             ;
+----------+--------+----------+-------------------------------------------------------------------------------------+
; i_enable ; Input  ; Info     ; Stuck at VCC                                                                        ;
; o_qbar   ; Output ; Info     ; Connected to dangling logic. Logic that only feeds a dangling port will be removed. ;
+----------+--------+----------+-------------------------------------------------------------------------------------+


+--------------------------------------------------------------------------------------------------------------------+
; Port Connectivity Checks: "ControlPath:inst1|enARdFF_2:s0"                                                         ;
+----------+--------+----------+-------------------------------------------------------------------------------------+
; Port     ; Type   ; Severity ; Details                                                                             ;
+----------+--------+----------+-------------------------------------------------------------------------------------+
; i_d      ; Input  ; Info     ; Stuck at VCC                                                                        ;
; i_enable ; Input  ; Info     ; Stuck at VCC                                                                        ;
; o_q      ; Output ; Info     ; Connected to dangling logic. Logic that only feeds a dangling port will be removed. ;
+----------+--------+----------+-------------------------------------------------------------------------------------+


+------------------------------------------------------------------------------------------------------------------+
; Port Connectivity Checks: "DataPath:inst|loadableCounter:ExpA|ESPL7counter:inst|jkFF_2:jk6"                      ;
+--------+--------+----------+-------------------------------------------------------------------------------------+
; Port   ; Type   ; Severity ; Details                                                                             ;
+--------+--------+----------+-------------------------------------------------------------------------------------+
; o_qbar ; Output ; Info     ; Connected to dangling logic. Logic that only feeds a dangling port will be removed. ;
+--------+--------+----------+-------------------------------------------------------------------------------------+


+------------------------------------------------------------------------------------------------------------------+
; Port Connectivity Checks: "DataPath:inst|loadableCounter:ExpA|ESPL7counter:inst|jkFF_2:jk5"                      ;
+--------+--------+----------+-------------------------------------------------------------------------------------+
; Port   ; Type   ; Severity ; Details                                                                             ;
+--------+--------+----------+-------------------------------------------------------------------------------------+
; o_qbar ; Output ; Info     ; Connected to dangling logic. Logic that only feeds a dangling port will be removed. ;
+--------+--------+----------+-------------------------------------------------------------------------------------+


+------------------------------------------------------------------------------------------------------------------+
; Port Connectivity Checks: "DataPath:inst|loadableCounter:ExpA|ESPL7counter:inst|jkFF_2:jk4"                      ;
+--------+--------+----------+-------------------------------------------------------------------------------------+
; Port   ; Type   ; Severity ; Details                                                                             ;
+--------+--------+----------+-------------------------------------------------------------------------------------+
; o_qbar ; Output ; Info     ; Connected to dangling logic. Logic that only feeds a dangling port will be removed. ;
+--------+--------+----------+-------------------------------------------------------------------------------------+


+------------------------------------------------------------------------------------------------------------------+
; Port Connectivity Checks: "DataPath:inst|loadableCounter:ExpA|ESPL7counter:inst|jkFF_2:jk3"                      ;
+--------+--------+----------+-------------------------------------------------------------------------------------+
; Port   ; Type   ; Severity ; Details                                                                             ;
+--------+--------+----------+-------------------------------------------------------------------------------------+
; o_qbar ; Output ; Info     ; Connected to dangling logic. Logic that only feeds a dangling port will be removed. ;
+--------+--------+----------+-------------------------------------------------------------------------------------+


+------------------------------------------------------------------------------------------------------------------+
; Port Connectivity Checks: "DataPath:inst|loadableCounter:ExpA|ESPL7counter:inst|jkFF_2:jk2"                      ;
+--------+--------+----------+-------------------------------------------------------------------------------------+
; Port   ; Type   ; Severity ; Details                                                                             ;
+--------+--------+----------+-------------------------------------------------------------------------------------+
; o_qbar ; Output ; Info     ; Connected to dangling logic. Logic that only feeds a dangling port will be removed. ;
+--------+--------+----------+-------------------------------------------------------------------------------------+


+------------------------------------------------------------------------------------------------------------------+
; Port Connectivity Checks: "DataPath:inst|loadableCounter:ExpA|ESPL7counter:inst|jkFF_2:jk1"                      ;
+--------+--------+----------+-------------------------------------------------------------------------------------+
; Port   ; Type   ; Severity ; Details                                                                             ;
+--------+--------+----------+-------------------------------------------------------------------------------------+
; o_qbar ; Output ; Info     ; Connected to dangling logic. Logic that only feeds a dangling port will be removed. ;
+--------+--------+----------+-------------------------------------------------------------------------------------+


+------------------------------------------------------------------------------------------------------------------+
; Port Connectivity Checks: "DataPath:inst|loadableCounter:ExpA|ESPL7counter:inst|jkFF_2:jk0"                      ;
+--------+--------+----------+-------------------------------------------------------------------------------------+
; Port   ; Type   ; Severity ; Details                                                                             ;
+--------+--------+----------+-------------------------------------------------------------------------------------+
; o_qbar ; Output ; Info     ; Connected to dangling logic. Logic that only feeds a dangling port will be removed. ;
+--------+--------+----------+-------------------------------------------------------------------------------------+


+------------------------------------------------------------------------------------------------------------------+
; Port Connectivity Checks: "DataPath:inst|LSPL8Reg:inst25|enARdFF_2:d7"                                           ;
+--------+--------+----------+-------------------------------------------------------------------------------------+
; Port   ; Type   ; Severity ; Details                                                                             ;
+--------+--------+----------+-------------------------------------------------------------------------------------+
; o_qbar ; Output ; Info     ; Connected to dangling logic. Logic that only feeds a dangling port will be removed. ;
+--------+--------+----------+-------------------------------------------------------------------------------------+


+------------------------------------------------------------------------------------------------------------------+
; Port Connectivity Checks: "DataPath:inst|LSPL8Reg:inst25|enARdFF_2:d6"                                           ;
+--------+--------+----------+-------------------------------------------------------------------------------------+
; Port   ; Type   ; Severity ; Details                                                                             ;
+--------+--------+----------+-------------------------------------------------------------------------------------+
; o_qbar ; Output ; Info     ; Connected to dangling logic. Logic that only feeds a dangling port will be removed. ;
+--------+--------+----------+-------------------------------------------------------------------------------------+


+------------------------------------------------------------------------------------------------------------------+
; Port Connectivity Checks: "DataPath:inst|LSPL8Reg:inst25|enARdFF_2:d5"                                           ;
+--------+--------+----------+-------------------------------------------------------------------------------------+
; Port   ; Type   ; Severity ; Details                                                                             ;
+--------+--------+----------+-------------------------------------------------------------------------------------+
; o_qbar ; Output ; Info     ; Connected to dangling logic. Logic that only feeds a dangling port will be removed. ;
+--------+--------+----------+-------------------------------------------------------------------------------------+


+------------------------------------------------------------------------------------------------------------------+
; Port Connectivity Checks: "DataPath:inst|LSPL8Reg:inst25|enARdFF_2:d4"                                           ;
+--------+--------+----------+-------------------------------------------------------------------------------------+
; Port   ; Type   ; Severity ; Details                                                                             ;
+--------+--------+----------+-------------------------------------------------------------------------------------+
; o_qbar ; Output ; Info     ; Connected to dangling logic. Logic that only feeds a dangling port will be removed. ;
+--------+--------+----------+-------------------------------------------------------------------------------------+


+------------------------------------------------------------------------------------------------------------------+
; Port Connectivity Checks: "DataPath:inst|LSPL8Reg:inst25|enARdFF_2:d3"                                           ;
+--------+--------+----------+-------------------------------------------------------------------------------------+
; Port   ; Type   ; Severity ; Details                                                                             ;
+--------+--------+----------+-------------------------------------------------------------------------------------+
; o_qbar ; Output ; Info     ; Connected to dangling logic. Logic that only feeds a dangling port will be removed. ;
+--------+--------+----------+-------------------------------------------------------------------------------------+


+------------------------------------------------------------------------------------------------------------------+
; Port Connectivity Checks: "DataPath:inst|LSPL8Reg:inst25|enARdFF_2:d2"                                           ;
+--------+--------+----------+-------------------------------------------------------------------------------------+
; Port   ; Type   ; Severity ; Details                                                                             ;
+--------+--------+----------+-------------------------------------------------------------------------------------+
; o_qbar ; Output ; Info     ; Connected to dangling logic. Logic that only feeds a dangling port will be removed. ;
+--------+--------+----------+-------------------------------------------------------------------------------------+


+------------------------------------------------------------------------------------------------------------------+
; Port Connectivity Checks: "DataPath:inst|LSPL8Reg:inst25|enARdFF_2:d1"                                           ;
+--------+--------+----------+-------------------------------------------------------------------------------------+
; Port   ; Type   ; Severity ; Details                                                                             ;
+--------+--------+----------+-------------------------------------------------------------------------------------+
; o_qbar ; Output ; Info     ; Connected to dangling logic. Logic that only feeds a dangling port will be removed. ;
+--------+--------+----------+-------------------------------------------------------------------------------------+


+------------------------------------------------------------------------------------------------------------------+
; Port Connectivity Checks: "DataPath:inst|LSPL8Reg:inst25|enARdFF_2:d0"                                           ;
+--------+--------+----------+-------------------------------------------------------------------------------------+
; Port   ; Type   ; Severity ; Details                                                                             ;
+--------+--------+----------+-------------------------------------------------------------------------------------+
; o_qbar ; Output ; Info     ; Connected to dangling logic. Logic that only feeds a dangling port will be removed. ;
+--------+--------+----------+-------------------------------------------------------------------------------------+


+-------------------------------------------------------------------------+
; Port Connectivity Checks: "DataPath:inst|LSPL8Reg:inst25|MUX2_8bit:mux" ;
+-------+-------+----------+----------------------------------------------+
; Port  ; Type  ; Severity ; Details                                      ;
+-------+-------+----------+----------------------------------------------+
; d1[0] ; Input ; Info     ; Stuck at GND                                 ;
+-------+-------+----------+----------------------------------------------+


+-------------------------------+
; Elapsed Time Per Partition    ;
+----------------+--------------+
; Partition Name ; Elapsed Time ;
+----------------+--------------+
; Top            ; 00:00:00     ;
+----------------+--------------+


+-------------------------------+
; Analysis & Synthesis Messages ;
+-------------------------------+
Info: *******************************************************************
Info: Running Quartus II 64-Bit Analysis & Synthesis
    Info: Version 13.0.1 Build 232 06/12/2013 Service Pack 1 SJ Web Edition
    Info: Processing started: Fri Jun 03 12:16:09 2022
Info: Command: quartus_map --read_settings_files=on --write_settings_files=off lab1CEG3156 -c lab1CEG3156
Warning (20028): Parallel compilation is not licensed and has been disabled
Info (12021): Found 2 design units, including 1 entities, in source file dff_2.vhd
    Info (12022): Found design unit 1: dFF_2-rtl
    Info (12023): Found entity 1: dFF_2
Info (12021): Found 2 design units, including 1 entities, in source file 7bitcounter.vhd
    Info (12022): Found design unit 1: ESPL7counter-rtl
    Info (12023): Found entity 1: ESPL7counter
Info (12021): Found 2 design units, including 1 entities, in source file threebitregister.vhd
    Info (12022): Found design unit 1: threeBitRegister-rtl
    Info (12023): Found entity 1: threeBitRegister
Info (12021): Found 2 design units, including 1 entities, in source file threebitcomparator.vhd
    Info (12022): Found design unit 1: threeBitComparator-rtl
    Info (12023): Found entity 1: threeBitComparator
Info (12021): Found 2 design units, including 1 entities, in source file threebitadder.vhd
    Info (12022): Found design unit 1: threeBitAdder-rtl
    Info (12023): Found entity 1: threeBitAdder
Info (12021): Found 2 design units, including 1 entities, in source file onebitcomparator.vhd
    Info (12022): Found design unit 1: oneBitComparator-rtl
    Info (12023): Found entity 1: oneBitComparator
Info (12021): Found 2 design units, including 1 entities, in source file onebitadder.vhd
    Info (12022): Found design unit 1: oneBitAdder-rtl
    Info (12023): Found entity 1: oneBitAdder
Info (12021): Found 2 design units, including 1 entities, in source file jkff_2.vhd
    Info (12022): Found design unit 1: jkFF_2-rtl
    Info (12023): Found entity 1: jkFF_2
Info (12021): Found 2 design units, including 1 entities, in source file enardff_2.vhd
    Info (12022): Found design unit 1: enARdFF_2-rtl
    Info (12023): Found entity 1: enARdFF_2
Info (12021): Found 2 design units, including 1 entities, in source file rspl8reg.vhd
    Info (12022): Found design unit 1: RSPL8Reg-rtl
    Info (12023): Found entity 1: RSPL8Reg
Info (12021): Found 2 design units, including 1 entities, in source file mux2_1bit.vhd
    Info (12022): Found design unit 1: MUX2_1bit-rtl
    Info (12023): Found entity 1: MUX2_1bit
Info (12021): Found 1 design units, including 1 entities, in source file lab1ceg3156.bdf
    Info (12023): Found entity 1: lab1CEG3156
Info (12021): Found 2 design units, including 1 entities, in source file mux2_8bit.vhd
    Info (12022): Found design unit 1: MUX2_8bit-rtl
    Info (12023): Found entity 1: MUX2_8bit
Info (12021): Found 2 design units, including 1 entities, in source file lspl8reg.vhd
    Info (12022): Found design unit 1: LSPL8Reg-rtl
    Info (12023): Found entity 1: LSPL8Reg
Info (12021): Found 2 design units, including 1 entities, in source file mux2_7bit.vhd
    Info (12022): Found design unit 1: MUX2_7bit-rtl
    Info (12023): Found entity 1: MUX2_7bit
Info (12021): Found 1 design units, including 1 entities, in source file loadablecounter.bdf
    Info (12023): Found entity 1: loadableCounter
Info (12021): Found 2 design units, including 1 entities, in source file fulladder.vhd
    Info (12022): Found design unit 1: fullAdder-rtl
    Info (12023): Found entity 1: fullAdder
Info (12021): Found 2 design units, including 1 entities, in source file fulladder8_bit.vhd
    Info (12022): Found design unit 1: fullAdder8_bit-rtl
    Info (12023): Found entity 1: fullAdder8_bit
Info (12021): Found 2 design units, including 1 entities, in source file controlpath.vhd
    Info (12022): Found design unit 1: ControlPath-rtl
    Info (12023): Found entity 1: ControlPath
Info (12021): Found 2 design units, including 1 entities, in source file comparator8_bit.vhd
    Info (12022): Found design unit 1: comparator8_bit-dataflow
    Info (12023): Found entity 1: comparator8_bit
Info (12021): Found 1 design units, including 1 entities, in source file datapath.bdf
    Info (12023): Found entity 1: DataPath
Info (12021): Found 2 design units, including 1 entities, in source file complementor8_bit.vhd
    Info (12022): Found design unit 1: complementor8_bit-dataflow
    Info (12023): Found entity 1: complementor8_bit
Info (12127): Elaborating entity "lab1CEG3156" for the top level hierarchy
Info (12128): Elaborating entity "DataPath" for hierarchy "DataPath:inst"
Info (12128): Elaborating entity "comparator8_bit" for hierarchy "DataPath:inst|comparator8_bit:CompMantissa"
Warning (10492): VHDL Process Statement warning at comparator8_bit.vhd(22): signal "outs" is read inside the Process Statement but isn't in the Process Statement's sensitivity list
Warning (10492): VHDL Process Statement warning at comparator8_bit.vhd(23): signal "outs" is read inside the Process Statement but isn't in the Process Statement's sensitivity list
Warning (10492): VHDL Process Statement warning at comparator8_bit.vhd(24): signal "outs" is read inside the Process Statement but isn't in the Process Statement's sensitivity list
Warning (10631): VHDL Process Statement warning at comparator8_bit.vhd(13): inferring latch(es) for signal or variable "outs", which holds its previous value in one or more paths through the process
Info (10041): Inferred latch for "outs[0]" at comparator8_bit.vhd(13)
Info (10041): Inferred latch for "outs[1]" at comparator8_bit.vhd(13)
Info (10041): Inferred latch for "outs[2]" at comparator8_bit.vhd(13)
Info (12128): Elaborating entity "LSPL8Reg" for hierarchy "DataPath:inst|LSPL8Reg:inst25"
Info (12128): Elaborating entity "MUX2_8bit" for hierarchy "DataPath:inst|LSPL8Reg:inst25|MUX2_8bit:mux"
Info (12128): Elaborating entity "MUX2_1bit" for hierarchy "DataPath:inst|LSPL8Reg:inst25|MUX2_8bit:mux|MUX2_1bit:m0"
Info (12128): Elaborating entity "enARdFF_2" for hierarchy "DataPath:inst|LSPL8Reg:inst25|enARdFF_2:d0"
Info (12128): Elaborating entity "loadableCounter" for hierarchy "DataPath:inst|loadableCounter:ExpA"
Info (12128): Elaborating entity "ESPL7counter" for hierarchy "DataPath:inst|loadableCounter:ExpA|ESPL7counter:inst"
Info (12128): Elaborating entity "jkFF_2" for hierarchy "DataPath:inst|loadableCounter:ExpA|ESPL7counter:inst|jkFF_2:jk0"
Info (12128): Elaborating entity "dFF_2" for hierarchy "DataPath:inst|loadableCounter:ExpA|ESPL7counter:inst|jkFF_2:jk0|dFF_2:dFlipFlop"
Info (12128): Elaborating entity "MUX2_7bit" for hierarchy "DataPath:inst|loadableCounter:ExpA|MUX2_7bit:inst1"
Info (12128): Elaborating entity "MUX2_8bit" for hierarchy "DataPath:inst|MUX2_8bit:inst3"
Info (12128): Elaborating entity "fullAdder8_bit" for hierarchy "DataPath:inst|fullAdder8_bit:inst"
Info (12128): Elaborating entity "fullAdder" for hierarchy "DataPath:inst|fullAdder8_bit:inst|fullAdder:bit0"
Info (12128): Elaborating entity "complementor8_bit" for hierarchy "DataPath:inst|complementor8_bit:inst20"
Warning (10492): VHDL Process Statement warning at complementor8_bit.vhd(16): signal "data" is read inside the Process Statement but isn't in the Process Statement's sensitivity list
Info (12128): Elaborating entity "ControlPath" for hierarchy "ControlPath:inst1"
Info (286030): Timing-Driven Synthesis is running
Info (16010): Generating hard_block partition "hard_block:auto_generated_inst"
    Info (16011): Adding 0 node(s), including 0 DDIO, 0 PLL, 0 transceiver and 0 LCELL
Info (21057): Implemented 252 device resources after synthesis - the final resource count might be different
    Info (21058): Implemented 34 input pins
    Info (21059): Implemented 16 output pins
    Info (21061): Implemented 202 logic cells
Info: Quartus II 64-Bit Analysis & Synthesis was successful. 0 errors, 6 warnings
    Info: Peak virtual memory: 4629 megabytes
    Info: Processing ended: Fri Jun 03 12:16:11 2022
    Info: Elapsed time: 00:00:02
    Info: Total CPU time (on all processors): 00:00:03


