Component: ARM Compiler 5.06 update 7 (build 960) Tool: armlink [4d3601]

==============================================================================

Section Cross References

    retarget.o(.rev16_text) refers (Special) to use_no_semi.o(.text) for __use_no_semihosting_swi
    retarget.o(.revsh_text) refers (Special) to use_no_semi.o(.text) for __use_no_semihosting_swi
    retarget.o(.rrx_text) refers (Special) to use_no_semi.o(.text) for __use_no_semihosting_swi
    retarget.o(i.ITM_SendChar) refers (Special) to use_no_semi.o(.text) for __use_no_semihosting_swi
    retarget.o(i._sys_exit) refers (Special) to use_no_semi.o(.text) for __use_no_semihosting_swi
    retarget.o(i._ttywrch) refers (Special) to use_no_semi.o(.text) for __use_no_semihosting_swi
    retarget.o(i._ttywrch) refers to retarget.o(i.ITM_SendChar) for ITM_SendChar
    retarget.o(i.ferror) refers (Special) to use_no_semi.o(.text) for __use_no_semihosting_swi
    retarget.o(i.fgetc) refers (Special) to use_no_semi.o(.text) for __use_no_semihosting_swi
    retarget.o(i.fgetc) refers to retarget.o(i.ITM_SendChar) for ITM_SendChar
    retarget.o(i.fgetc) refers to retarget.o(.data) for ITM_RxBuffer
    retarget.o(i.fputc) refers (Special) to use_no_semi.o(.text) for __use_no_semihosting_swi
    retarget.o(i.fputc) refers to retarget.o(i.ITM_SendChar) for ITM_SendChar
    retarget.o(.data) refers (Special) to use_no_semi.o(.text) for __use_no_semihosting_swi
    sensor.o(i.sensor_display) refers to _printf_percent.o(.ARM.Collect$$_printf_percent$$00000000) for _printf_percent
    sensor.o(i.sensor_display) refers to _printf_d.o(.ARM.Collect$$_printf_percent$$00000009) for _printf_d
    sensor.o(i.sensor_display) refers to _printf_s.o(.ARM.Collect$$_printf_percent$$00000014) for _printf_s
    sensor.o(i.sensor_display) refers to _printf_dec.o(.text) for _printf_int_dec
    sensor.o(i.sensor_display) refers to _printf_str.o(.text) for _printf_str
    sensor.o(i.sensor_display) refers to noretval__2printf.o(.text) for __2printf
    sensor.o(i.sensor_init) refers to rt_memclr.o(.text) for __aeabi_memclr
    sensor.o(i.sensor_init) refers to rt_memcpy_v6.o(.text) for __aeabi_memcpy
    sensor.o(i.sensor_init) refers to sensor.o(i.sensor_display) for sensor_display
    sensor.o(i.sensorm_reset) refers to sensor.o(i.sensor_display) for sensor_display
    sensor.o(i.sensorm_set) refers to sensor.o(i.sensor_display) for sensor_display
    sensor.o(i.sensorm_set_malfunction) refers to sensor.o(i.sensor_display) for sensor_display
    alarm.o(i.alarm_display) refers to _printf_percent.o(.ARM.Collect$$_printf_percent$$00000000) for _printf_percent
    alarm.o(i.alarm_display) refers to _printf_d.o(.ARM.Collect$$_printf_percent$$00000009) for _printf_d
    alarm.o(i.alarm_display) refers to _printf_s.o(.ARM.Collect$$_printf_percent$$00000014) for _printf_s
    alarm.o(i.alarm_display) refers to _printf_dec.o(.text) for _printf_int_dec
    alarm.o(i.alarm_display) refers to _printf_str.o(.text) for _printf_str
    alarm.o(i.alarm_display) refers to noretval__2printf.o(.text) for __2printf
    alarm.o(i.alarm_init) refers to rt_memclr.o(.text) for __aeabi_memclr
    alarm.o(i.alarm_init) refers to rt_memcpy_v6.o(.text) for __aeabi_memcpy
    alarm.o(i.alarm_init) refers to alarm.o(i.alarm_display) for alarm_display
    alarm.o(i.alarm_reset) refers to alarm.o(i.alarm_display) for alarm_display
    alarm.o(i.alarm_set) refers to alarm.o(i.alarm_display) for alarm_display
    super_user.o(i.super_user_init) refers to user.o(i.user_init) for user_init
    user.o(i.user_init) refers to _printf_percent.o(.ARM.Collect$$_printf_percent$$00000000) for _printf_percent
    user.o(i.user_init) refers to _printf_s.o(.ARM.Collect$$_printf_percent$$00000014) for _printf_s
    user.o(i.user_init) refers to _printf_str.o(.text) for _printf_str
    user.o(i.user_init) refers to rt_memclr.o(.text) for __aeabi_memclr
    user.o(i.user_init) refers to strlen.o(.text) for strlen
    user.o(i.user_init) refers to rt_memcpy_v6.o(.text) for __aeabi_memcpy
    user.o(i.user_init) refers to noretval__2printf.o(.text) for __2printf
    alarm_system.o(i.alarm_system_display) refers to noretval__2printf.o(.text) for __2printf
    alarm_system.o(i.alarm_system_init) refers to _printf_percent.o(.ARM.Collect$$_printf_percent$$00000000) for _printf_percent
    alarm_system.o(i.alarm_system_init) refers to _printf_d.o(.ARM.Collect$$_printf_percent$$00000009) for _printf_d
    alarm_system.o(i.alarm_system_init) refers to _printf_dec.o(.text) for _printf_int_dec
    alarm_system.o(i.alarm_system_init) refers to rt_memclr_w.o(.text) for __aeabi_memclr4
    alarm_system.o(i.alarm_system_init) refers to rt_memclr.o(.text) for __aeabi_memclr
    alarm_system.o(i.alarm_system_init) refers to noretval__2sprintf.o(.text) for __2sprintf
    alarm_system.o(i.alarm_system_init) refers to sensor.o(i.sensor_init) for sensor_init
[...]
    lab3.o(i.main) refers to lab3.o(i.__NVIC_DisableIRQ) for __NVIC_DisableIRQ
    lab3.o(i.main) refers to alarm_system.o(i.system_fsm_coverage_display) for system_fsm_coverage_display
    lab3.o(i.main) refers to lab3.o(.bss) for textbuffer
    lab3.o(i.main) refers to lab3.o(.data) for sensor_states
    lab3.o(i.main) refers to retarget.o(.data) for __stdin
    lab3.o(i.sys_clock_timer_init) refers to noretval__2printf.o(.text) for __2printf
    lab3.o(i.sys_clock_timer_init) refers to system_stm32f4xx.o(.data) for SystemCoreClock
    startup_stm32f417xx.o(STACK) refers (Special) to heapauxi.o(.text) for __use_two_region_memory
    startup_stm32f417xx.o(HEAP) refers (Special) to heapauxi.o(.text) for __use_two_region_memory
    startup_stm32f417xx.o(RESET) refers (Special) to heapauxi.o(.text) for __use_two_region_memory
    startup_stm32f417xx.o(RESET) refers to startup_stm32f417xx.o(STACK) for __initial_sp
    startup_stm32f417xx.o(RESET) refers to startup_stm32f417xx.o(.text) for Reset_Handler
    startup_stm32f417xx.o(RESET) refers to lab3.o(i.SysTick_Handler) for SysTick_Handler
    startup_stm32f417xx.o(RESET) refers to lab3.o(i.EXTI0_IRQHandler) for EXTI0_IRQHandler
    startup_stm32f417xx.o(RESET) refers to lab3.o(i.EXTI1_IRQHandler) for EXTI1_IRQHandler
    startup_stm32f417xx.o(RESET) refers to lab3.o(i.EXTI2_IRQHandler) for EXTI2_IRQHandler
    startup_stm32f417xx.o(.text) refers (Special) to heapauxi.o(.text) for __use_two_region_memory
    startup_stm32f417xx.o(.text) refers to system_stm32f4xx.o(i.SystemInit) for SystemInit
    startup_stm32f417xx.o(.text) refers to __main.o(!!!main) for __main
    startup_stm32f417xx.o(.text) refers to startup_stm32f417xx.o(HEAP) for Heap_Mem
    startup_stm32f417xx.o(.text) refers to startup_stm32f417xx.o(STACK) for Stack_Mem
    system_stm32f4xx.o(i.SystemCoreClockUpdate) refers to system_stm32f4xx.o(.data) for SystemCoreClock
    system_stm32f4xx.o(i.SystemCoreClockUpdate) refers to system_stm32f4xx.o(.constdata) for AHBPrescTable
    __2printf.o(.text) refers to _printf_char_file.o(.text) for _printf_char_file
    __2printf.o(.text) refers to retarget.o(.data) for __stdout
    __2sprintf.o(.text) refers to _printf_char_common.o(.text) for _printf_char_common
    __2sprintf.o(.text) refers to _sputc.o(.text) for _sputc
    noretval__2printf.o(.text) refers to _printf_char_file.o(.text) for _printf_char_file
    noretval__2printf.o(.text) refers to retarget.o(.data) for __stdout
    noretval__2sprintf.o(.text) refers to _printf_char_common.o(.text) for _printf_char_common
    noretval__2sprintf.o(.text) refers to _sputc.o(.text) for _sputc
    __printf.o(.text) refers to _printf_percent.o(.ARM.Collect$$_printf_percent$$00000000) for _printf_percent
    _printf_str.o(.text) refers (Special) to _printf_char.o(.text) for _printf_cs_common
    _printf_dec.o(.text) refers to _printf_intcommon.o(.text) for _printf_int_common
    _printf_hex_ll.o(.text) refers to _printf_intcommon.o(.text) for _printf_int_common
    _printf_hex_ll.o(.text) refers to _printf_hex_ll.o(.constdata) for .constdata
    _printf_hex_int.o(.text) refers to _printf_intcommon.o(.text) for _printf_int_common
    _printf_hex_int.o(.text) refers to _printf_hex_int.o(.constdata) for .constdata
    _printf_hex_int_ll.o(.text) refers to _printf_intcommon.o(.text) for _printf_int_common
    _printf_hex_int_ll.o(.text) refers to _printf_hex_int_ll.o(.constdata) for .constdata
    _printf_hex_ptr.o(.text) refers to _printf_intcommon.o(.text) for _printf_int_common
    _printf_hex_ptr.o(.text) refers to _printf_hex_ptr.o(.constdata) for .constdata
    _printf_hex_int_ptr.o(.text) refers to _printf_intcommon.o(.text) for _printf_int_common
    _printf_hex_int_ptr.o(.text) refers to _printf_hex_int_ptr.o(.constdata) for .constdata
    _printf_hex_ll_ptr.o(.text) refers to _printf_intcommon.o(.text) for _printf_int_common
    _printf_hex_ll_ptr.o(.text) refers to _printf_hex_ll_ptr.o(.constdata) for .constdata
    _printf_hex_int_ll_ptr.o(.text) refers to _printf_intcommon.o(.text) for _printf_int_common
    _printf_hex_int_ll_ptr.o(.text) refers to _printf_hex_int_ll_ptr.o(.constdata) for .constdata
    __printf_flags.o(.text) refers to _printf_percent.o(.ARM.Collect$$_printf_percent$$00000000) for _printf_percent
    __printf_flags.o(.text) refers to __printf_flags.o(.constdata) for .constdata
    __printf_ss.o(.text) refers to _printf_percent.o(.ARM.Collect$$_printf_percent$$00000000) for _printf_percent
    __printf_flags_ss.o(.text) refers to _printf_percent.o(.ARM.Collect$$_printf_percent$$00000000) for _printf_percent
    __printf_flags_ss.o(.text) refers to __printf_flags_ss.o(.constdata) for .constdata
    __printf_wp.o(.text) refers to __printf_wp.o(i._is_digit) for _is_digit
    __printf_wp.o(.text) refers to _printf_percent.o(.ARM.Collect$$_printf_percent$$00000000) for _printf_percent
    __printf_flags_wp.o(.text) refers to __printf_wp.o(i._is_digit) for _is_digit
    __printf_flags_wp.o(.text) refers to _printf_percent.o(.ARM.Collect$$_printf_percent$$00000000) for _printf_percent
    __printf_flags_wp.o(.text) refers to __printf_flags_wp.o(.constdata) for .constdata
    __printf_ss_wp.o(.text) refers to __printf_wp.o(i._is_digit) for _is_digit
    __printf_ss_wp.o(.text) refers to _printf_percent.o(.ARM.Collect$$_printf_percent$$00000000) for _printf_percent
    __printf_flags_ss_wp.o(.text) refers to __printf_wp.o(i._is_digit) for _is_digit
    __printf_flags_ss_wp.o(.text) refers to _printf_percent.o(.ARM.Collect$$_printf_percent$$00000000) for _printf_percent
    __printf_flags_ss_wp.o(.text) refers to __printf_flags_ss_wp.o(.constdata) for .constdata
    _printf_s.o(.ARM.Collect$$_printf_percent$$00000014) refers (Weak) to _printf_char.o(.text) for _printf_string
    _printf_x.o(.ARM.Collect$$_printf_percent$$0000000C) refers (Weak) to _printf_hex_int.o(.text) for _printf_int_hex
    _printf_d.o(.ARM.Collect$$_printf_percent$$00000009) refers (Weak) to _printf_dec.o(.text) for _printf_int_dec
    _printf_percent.o(.ARM.Collect$$_printf_percent$$00000000) refers (Special) to _printf_percent_end.o(.ARM.Collect$$_printf_percent$$00000017) for _printf_percent_end
    fgets.o(.text) refers to retarget.o(i.fgetc) for fgetc
    fgets.o(.text) refers to retarget.o(i.ferror) for ferror
    rt_memcpy_v6.o(.text) refers to rt_memcpy_w.o(.text) for __aeabi_memcpy4
    rt_memclr.o(.text) refers to rt_memclr_w.o(.text) for _memset_w
    strncpy.o(.text) refers to rt_memclr.o(.text) for __aeabi_memclr
    __main.o(!!!main) refers to __rtentry.o(.ARM.Collect$$rtentry$$00000000) for __rt_entry
    __rtentry.o(.ARM.Collect$$rtentry$$00000000) refers (Special) to __rtentry2.o(.ARM.Collect$$rtentry$$0000000A) for __rt_entry_li
    __rtentry.o(.ARM.Collect$$rtentry$$00000000) refers (Special) to __rtentry2.o(.ARM.Collect$$rtentry$$0000000D) for __rt_entry_main
    __rtentry.o(.ARM.Collect$$rtentry$$00000000) refers (Special) to __rtentry2.o(.ARM.Collect$$rtentry$$0000000C) for __rt_entry_postli_1
    __rtentry.o(.ARM.Collect$$rtentry$$00000000) refers (Special) to __rtentry2.o(.ARM.Collect$$rtentry$$00000009) for __rt_entry_postsh_1
    __rtentry.o(.ARM.Collect$$rtentry$$00000000) refers (Special) to __rtentry2.o(.ARM.Collect$$rtentry$$00000002) for __rt_entry_presh_1
    __rtentry.o(.ARM.Collect$$rtentry$$00000000) refers (Special) to __rtentry4.o(.ARM.Collect$$rtentry$$00000004) for __rt_entry_sh
    _printf_char_common.o(.text) refers to __printf.o(.text) for __printf
    _printf_char.o(.text) refers (Weak) to _printf_str.o(.text) for _printf_str
    _printf_char_file.o(.text) refers to _printf_char_common.o(.text) for _printf_char_common
    _printf_char_file.o(.text) refers to retarget.o(i.ferror) for ferror
    _printf_char_file.o(.text) refers to retarget.o(i.fputc) for fputc
    __rtentry2.o(.ARM.Collect$$rtentry$$00000008) refers to boardinit2.o(.text) for _platform_post_stackheap_init
    __rtentry2.o(.ARM.Collect$$rtentry$$0000000A) refers to libinit.o(.ARM.Collect$$libinit$$00000000) for __rt_lib_init
    __rtentry2.o(.ARM.Collect$$rtentry$$0000000B) refers to boardinit3.o(.text) for _platform_post_lib_init
    __rtentry2.o(.ARM.Collect$$rtentry$$0000000D) refers to lab3.o(i.main) for main
    __rtentry2.o(.ARM.Collect$$rtentry$$0000000D) refers to exit.o(.text) for exit
    __rtentry2.o(.ARM.exidx) refers to __rtentry2.o(.ARM.Collect$$rtentry$$00000001) for .ARM.Collect$$rtentry$$00000001
    __rtentry2.o(.ARM.exidx) refers to __rtentry2.o(.ARM.Collect$$rtentry$$00000008) for .ARM.Collect$$rtentry$$00000008
    __rtentry2.o(.ARM.exidx) refers to __rtentry2.o(.ARM.Collect$$rtentry$$0000000A) for .ARM.Collect$$rtentry$$0000000A
    __rtentry2.o(.ARM.exidx) refers to __rtentry2.o(.ARM.Collect$$rtentry$$0000000B) for .ARM.Collect$$rtentry$$0000000B
    __rtentry2.o(.ARM.exidx) refers to __rtentry2.o(.ARM.Collect$$rtentry$$0000000D) for .ARM.Collect$$rtentry$$0000000D
    __rtentry4.o(.ARM.Collect$$rtentry$$00000004) refers to sys_stackheap_outer.o(.text) for __user_setup_stackheap
    __rtentry4.o(.ARM.exidx) refers to __rtentry4.o(.ARM.Collect$$rtentry$$00000004) for .ARM.Collect$$rtentry$$00000004
    sys_stackheap_outer.o(.text) refers to libspace.o(.text) for __user_perproc_libspace
    sys_stackheap_outer.o(.text) refers to startup_stm32f417xx.o(.text) for __user_initial_stackheap
    exit.o(.text) refers to rtexit.o(.ARM.Collect$$rtexit$$00000000) for __rt_exit
    libinit.o(.ARM.Collect$$libinit$$00000000) refers (Special) to libinit2.o(.ARM.Collect$$libinit$$0000002E) for __rt_lib_init_alloca_1
    libinit.o(.ARM.Collect$$libinit$$00000000) refers (Special) to libinit2.o(.ARM.Collect$$libinit$$0000002C) for __rt_lib_init_argv_1
    libinit.o(.ARM.Collect$$libinit$$00000000) refers (Special) to libinit2.o(.ARM.Collect$$libinit$$0000001B) for __rt_lib_init_atexit_1
    libinit.o(.ARM.Collect$$libinit$$00000000) refers (Special) to libinit2.o(.ARM.Collect$$libinit$$00000021) for __rt_lib_init_clock_1
    libinit.o(.ARM.Collect$$libinit$$00000000) refers (Special) to libinit2.o(.ARM.Collect$$libinit$$00000032) for __rt_lib_init_cpp_1
    libinit.o(.ARM.Collect$$libinit$$00000000) refers (Special) to libinit2.o(.ARM.Collect$$libinit$$00000030) for __rt_lib_init_exceptions_1
    libinit.o(.ARM.Collect$$libinit$$00000000) refers (Special) to libinit2.o(.ARM.Collect$$libinit$$00000001) for __rt_lib_init_fp_1
    libinit.o(.ARM.Collect$$libinit$$00000000) refers (Special) to libinit2.o(.ARM.Collect$$libinit$$0000001F) for __rt_lib_init_fp_trap_1
    libinit.o(.ARM.Collect$$libinit$$00000000) refers (Special) to libinit2.o(.ARM.Collect$$libinit$$00000023) for __rt_lib_init_getenv_1
    libinit.o(.ARM.Collect$$libinit$$00000000) refers (Special) to libinit2.o(.ARM.Collect$$libinit$$0000000A) for __rt_lib_init_heap_1
    libinit.o(.ARM.Collect$$libinit$$00000000) refers (Special) to libinit2.o(.ARM.Collect$$libinit$$00000011) for __rt_lib_init_lc_collate_1
    libinit.o(.ARM.Collect$$libinit$$00000000) refers (Special) to libinit2.o(.ARM.Collect$$libinit$$00000013) for __rt_lib_init_lc_ctype_1
    libinit.o(.ARM.Collect$$libinit$$00000000) refers (Special) to libinit2.o(.ARM.Collect$$libinit$$00000015) for __rt_lib_init_lc_monetary_1
    libinit.o(.ARM.Collect$$libinit$$00000000) refers (Special) to libinit2.o(.ARM.Collect$$libinit$$00000017) for __rt_lib_init_lc_numeric_1
    libinit.o(.ARM.Collect$$libinit$$00000000) refers (Special) to libinit2.o(.ARM.Collect$$libinit$$00000019) for __rt_lib_init_lc_time_1
    libinit.o(.ARM.Collect$$libinit$$00000000) refers (Special) to libinit2.o(.ARM.Collect$$libinit$$00000004) for __rt_lib_init_preinit_1
    libinit.o(.ARM.Collect$$libinit$$00000000) refers (Special) to libinit2.o(.ARM.Collect$$libinit$$0000000E) for __rt_lib_init_rand_1
    libinit.o(.ARM.Collect$$libinit$$00000000) refers (Special) to libinit2.o(.ARM.Collect$$libinit$$00000033) for __rt_lib_init_return
    libinit.o(.ARM.Collect$$libinit$$00000000) refers (Special) to libinit2.o(.ARM.Collect$$libinit$$0000001D) for __rt_lib_init_signal_1
    libinit.o(.ARM.Collect$$libinit$$00000000) refers (Special) to libinit2.o(.ARM.Collect$$libinit$$00000025) for __rt_lib_init_stdio_1
    libinit.o(.ARM.Collect$$libinit$$00000000) refers (Special) to libinit2.o(.ARM.Collect$$libinit$$0000000C) for __rt_lib_init_user_alloc_1
    libspace.o(.text) refers to libspace.o(.bss) for __libspace_start
    rtexit.o(.ARM.Collect$$rtexit$$00000000) refers (Special) to rtexit2.o(.ARM.Collect$$rtexit$$00000004) for __rt_exit_exit
    rtexit.o(.ARM.Collect$$rtexit$$00000000) refers (Special) to rtexit2.o(.ARM.Collect$$rtexit$$00000003) for __rt_exit_ls
    rtexit.o(.ARM.Collect$$rtexit$$00000000) refers (Special) to rtexit2.o(.ARM.Collect$$rtexit$$00000002) for __rt_exit_prels_1
    rtexit.o(.ARM.exidx) refers (Special) to rtexit2.o(.ARM.Collect$$rtexit$$00000004) for __rt_exit_exit
    rtexit.o(.ARM.exidx) refers (Special) to rtexit2.o(.ARM.Collect$$rtexit$$00000003) for __rt_exit_ls
    rtexit.o(.ARM.exidx) refers (Special) to rtexit2.o(.ARM.Collect$$rtexit$$00000002) for __rt_exit_prels_1
    rtexit.o(.ARM.exidx) refers to rtexit.o(.ARM.Collect$$rtexit$$00000000) for .ARM.Collect$$rtexit$$00000000
    libinit2.o(.ARM.Collect$$libinit$$00000001) refers to fpinit.o(x$fpl$fpinit) for _fp_init
    libinit2.o(.ARM.Collect$$libinit$$00000010) refers to libinit2.o(.ARM.Collect$$libinit$$0000000F) for .ARM.Collect$$libinit$$0000000F
    libinit2.o(.ARM.Collect$$libinit$$00000012) refers to libinit2.o(.ARM.Collect$$libinit$$0000000F) for .ARM.Collect$$libinit$$0000000F
    libinit2.o(.ARM.Collect$$libinit$$00000014) refers to libinit2.o(.ARM.Collect$$libinit$$0000000F) for .ARM.Collect$$libinit$$0000000F
    libinit2.o(.ARM.Collect$$libinit$$00000016) refers to libinit2.o(.ARM.Collect$$libinit$$0000000F) for .ARM.Collect$$libinit$$0000000F
    libinit2.o(.ARM.Collect$$libinit$$00000018) refers to libinit2.o(.ARM.Collect$$libinit$$0000000F) for .ARM.Collect$$libinit$$0000000F
    libinit2.o(.ARM.Collect$$libinit$$00000026) refers to argv_veneer.o(.emb_text) for __ARM_argv_veneer
    libinit2.o(.ARM.Collect$$libinit$$00000027) refers to argv_veneer.o(.emb_text) for __ARM_argv_veneer
    rtexit2.o(.ARM.Collect$$rtexit$$00000003) refers to libshutdown.o(.ARM.Collect$$libshutdown$$00000000) for __rt_lib_shutdown
    rtexit2.o(.ARM.Collect$$rtexit$$00000004) refers to retarget.o(i._sys_exit) for _sys_exit
    rtexit2.o(.ARM.exidx) refers to rtexit2.o(.ARM.Collect$$rtexit$$00000001) for .ARM.Collect$$rtexit$$00000001
    rtexit2.o(.ARM.exidx) refers to rtexit2.o(.ARM.Collect$$rtexit$$00000003) for .ARM.Collect$$rtexit$$00000003
    rtexit2.o(.ARM.exidx) refers to rtexit2.o(.ARM.Collect$$rtexit$$00000004) for .ARM.Collect$$rtexit$$00000004
    argv_veneer.o(.emb_text) refers to no_argv.o(.text) for __ARM_get_argv
    _get_argv_nomalloc.o(.text) refers (Special) to hrguard.o(.text) for __heap_region$guard
    _get_argv_nomalloc.o(.text) refers to defsig_rtmem_outer.o(.text) for __rt_SIGRTMEM
    _get_argv_nomalloc.o(.text) refers to sys_command.o(.text) for _sys_command_string
    libshutdown.o(.ARM.Collect$$libshutdown$$00000000) refers (Special) to libshutdown2.o(.ARM.Collect$$libshutdown$$00000004) for __rt_lib_shutdown_cpp_1
    libshutdown.o(.ARM.Collect$$libshutdown$$00000000) refers (Special) to libshutdown2.o(.ARM.Collect$$libshutdown$$00000002) for __rt_lib_shutdown_fini_1
    libshutdown.o(.ARM.Collect$$libshutdown$$00000000) refers (Special) to libshutdown2.o(.ARM.Collect$$libshutdown$$00000009) for __rt_lib_shutdown_fp_trap_1
    libshutdown.o(.ARM.Collect$$libshutdown$$00000000) refers (Special) to libshutdown2.o(.ARM.Collect$$libshutdown$$00000011) for __rt_lib_shutdown_heap_1
    libshutdown.o(.ARM.Collect$$libshutdown$$00000000) refers (Special) to libshutdown2.o(.ARM.Collect$$libshutdown$$00000012) for __rt_lib_shutdown_return
    libshutdown.o(.ARM.Collect$$libshutdown$$00000000) refers (Special) to libshutdown2.o(.ARM.Collect$$libshutdown$$0000000C) for __rt_lib_shutdown_signal_1
    libshutdown.o(.ARM.Collect$$libshutdown$$00000000) refers (Special) to libshutdown2.o(.ARM.Collect$$libshutdown$$00000006) for __rt_lib_shutdown_stdio_1
    libshutdown.o(.ARM.Collect$$libshutdown$$00000000) refers (Special) to libshutdown2.o(.ARM.Collect$$libshutdown$$0000000E) for __rt_lib_shutdown_user_alloc_1
    sys_command.o(.text) refers (Special) to use_no_semi.o(.text) for __I$use$semihosting
    sys_command.o(.text) refers (Special) to indicate_semi.o(.text) for __semihosting_library_function
    defsig_rtmem_outer.o(.text) refers to defsig_rtmem_inner.o(.text) for __rt_SIGRTMEM_inner
    defsig_rtmem_outer.o(.text) refers to defsig_exit.o(.text) for __sig_exit
    defsig_rtmem_formal.o(.text) refers to rt_raise.o(.text) for __rt_raise
    rt_raise.o(.text) refers to __raise.o(.text) for __raise
    rt_raise.o(.text) refers to retarget.o(i._sys_exit) for _sys_exit
    defsig_exit.o(.text) refers to retarget.o(i._sys_exit) for _sys_exit
    defsig_rtmem_inner.o(.text) refers to defsig_general.o(.text) for __default_signal_display
    __raise.o(.text) refers to defsig.o(CL$$defsig) for __default_signal_handler
    defsig_general.o(.text) refers to retarget.o(i._ttywrch) for _ttywrch
    defsig.o(CL$$defsig) refers to defsig_rtmem_inner.o(.text) for __rt_SIGRTMEM_inner
    defsig_abrt_inner.o(.text) refers to defsig_general.o(.text) for __default_signal_display
    defsig_fpe_inner.o(.text) refers to defsig_general.o(.text) for __default_signal_display
    defsig_rtred_inner.o(.text) refers to defsig_general.o(.text) for __default_signal_display
    defsig_stak_inner.o(.text) refers to defsig_general.o(.text) for __default_signal_display
    defsig_pvfn_inner.o(.text) refers to defsig_general.o(.text) for __default_signal_display
    defsig_cppl_inner.o(.text) refers to defsig_general.o(.text) for __default_signal_display
    defsig_segv_inner.o(.text) refers to defsig_general.o(.text) for __default_signal_display
    defsig_other.o(.text) refers to defsig_general.o(.text) for __default_signal_display


==============================================================================

Removing Unused input sections from the image.

    Removing retarget.o(.rev16_text), (4 bytes).
    Removing retarget.o(.revsh_text), (4 bytes).
    Removing retarget.o(.rrx_text), (6 bytes).
    Removing retarget.o(i._ttywrch), (12 bytes).
    Removing sensor.o(.rev16_text), (4 bytes).
    Removing sensor.o(.revsh_text), (4 bytes).
    Removing sensor.o(.rrx_text), (6 bytes).
    Removing sensor.o(i.sensorm_set_malfunction), (22 bytes).
    Removing alarm.o(.rev16_text), (4 bytes).
    Removing alarm.o(.revsh_text), (4 bytes).
    Removing alarm.o(.rrx_text), (6 bytes).
    Removing alarm.o(i.alarm_reset), (20 bytes).
    Removing alarm.o(i.alarm_set), (22 bytes).
    Removing super_user.o(.rev16_text), (4 bytes).
    Removing super_user.o(.revsh_text), (4 bytes).
    Removing super_user.o(.rrx_text), (6 bytes).
    Removing user.o(.rev16_text), (4 bytes).
    Removing user.o(.revsh_text), (4 bytes).
    Removing user.o(.rrx_text), (6 bytes).
    Removing alarm_system.o(.rev16_text), (4 bytes).
    Removing alarm_system.o(.revsh_text), (4 bytes).
    Removing alarm_system.o(.rrx_text), (6 bytes).
    Removing alarm_system.o(i.system_alarm_reset), (28 bytes).
    Removing alarm_system.o(i.system_alarm_set), (28 bytes).
    Removing alarm_system.o(i.system_user_req_arm), (10 bytes).
    Removing lab3.o(.rev16_text), (4 bytes).
    Removing lab3.o(.revsh_text), (4 bytes).
    Removing lab3.o(.rrx_text), (6 bytes).
    Removing system_stm32f4xx.o(.rev16_text), (4 bytes).
    Removing system_stm32f4xx.o(.revsh_text), (4 bytes).
    Removing system_stm32f4xx.o(.rrx_text), (6 bytes).
    Removing system_stm32f4xx.o(i.SystemCoreClockUpdate), (192 bytes).
    Removing system_stm32f4xx.o(.constdata), (24 bytes).

33 unused section(s) (total 470 bytes) removed from the image.

==============================================================================

Image Symbol Table

    Local Symbols

    Symbol Name                              Value     Ov Type        Size  Object(Section)

    ../clib/angel/boardlib.s                 0x00000000   Number         0  boardshut.o ABSOLUTE
    ../clib/angel/boardlib.s                 0x00000000   Number         0  boardinit1.o ABSOLUTE
    ../clib/angel/boardlib.s                 0x00000000   Number         0  boardinit2.o ABSOLUTE
    ../clib/angel/boardlib.s                 0x00000000   Number         0  boardinit3.o ABSOLUTE
    ../clib/angel/handlers.s                 0x00000000   Number         0  __scatter_zi.o ABSOLUTE
    ../clib/angel/handlers.s                 0x00000000   Number         0  __scatter_copy.o ABSOLUTE
    ../clib/angel/kernel.s                   0x00000000   Number         0  rtexit.o ABSOLUTE
    ../clib/angel/kernel.s                   0x00000000   Number         0  rtexit2.o ABSOLUTE
    ../clib/angel/kernel.s                   0x00000000   Number         0  __rtentry.o ABSOLUTE
    ../clib/angel/kernel.s                   0x00000000   Number         0  __rtentry2.o ABSOLUTE
    ../clib/angel/kernel.s                   0x00000000   Number         0  __rtentry4.o ABSOLUTE
    ../clib/angel/rt.s                       0x00000000   Number         0  rt_raise.o ABSOLUTE
    ../clib/angel/scatter.s                  0x00000000   Number         0  __scatter.o ABSOLUTE
    ../clib/angel/startup.s                  0x00000000   Number         0  __main.o ABSOLUTE
    ../clib/angel/sys.s                      0x00000000   Number         0  libspace.o ABSOLUTE
    ../clib/angel/sys.s                      0x00000000   Number         0  use_no_semi.o ABSOLUTE
    ../clib/angel/sys.s                      0x00000000   Number         0  indicate_semi.o ABSOLUTE
    ../clib/angel/sys.s                      0x00000000   Number         0  sys_stackheap_outer.o ABSOLUTE
    ../clib/angel/sysapp.c                   0x00000000   Number         0  sys_command.o ABSOLUTE
    ../clib/armsys.c                         0x00000000   Number         0  argv_veneer.o ABSOLUTE
    ../clib/armsys.c                         0x00000000   Number         0  no_argv.o ABSOLUTE
    ../clib/armsys.c                         0x00000000   Number         0  _get_argv_nomalloc.o ABSOLUTE
    ../clib/armsys.c                         0x00000000   Number         0  argv_veneer.o ABSOLUTE
    ../clib/heapalloc.c                      0x00000000   Number         0  hrguard.o ABSOLUTE
    ../clib/heapaux.c                        0x00000000   Number         0  heapauxi.o ABSOLUTE
    ../clib/libinit.s                        0x00000000   Number         0  libinit.o ABSOLUTE
    ../clib/libinit.s                        0x00000000   Number         0  libinit2.o ABSOLUTE
    ../clib/libinit.s                        0x00000000   Number         0  libshutdown2.o ABSOLUTE
    ../clib/libinit.s                        0x00000000   Number         0  libshutdown.o ABSOLUTE
    ../clib/memcpset.s                       0x00000000   Number         0  rt_memcpy_v6.o ABSOLUTE
    ../clib/memcpset.s                       0x00000000   Number         0  rt_memcpy_w.o ABSOLUTE
    ../clib/memcpset.s                       0x00000000   Number         0  strcmpv7m.o ABSOLUTE
    ../clib/memcpset.s                       0x00000000   Number         0  rt_memclr.o ABSOLUTE
    ../clib/memcpset.s                       0x00000000   Number         0  strncpy.o ABSOLUTE
    ../clib/memcpset.s                       0x00000000   Number         0  rt_memclr_w.o ABSOLUTE
    ../clib/printf.c                         0x00000000   Number         0  _printf_dec.o ABSOLUTE
    ../clib/printf.c                         0x00000000   Number         0  _printf_hex_ll.o ABSOLUTE
    ../clib/printf.c                         0x00000000   Number         0  _printf_hex_int.o ABSOLUTE
    ../clib/printf.c                         0x00000000   Number         0  _printf_char_file.o ABSOLUTE
    ../clib/printf.c                         0x00000000   Number         0  _printf_char.o ABSOLUTE
    ../clib/printf.c                         0x00000000   Number         0  _printf_hex_int_ll.o ABSOLUTE
    ../clib/printf.c                         0x00000000   Number         0  _printf_hex_int_ptr.o ABSOLUTE
    ../clib/printf.c                         0x00000000   Number         0  _printf_hex_ll_ptr.o ABSOLUTE
    ../clib/printf.c                         0x00000000   Number         0  _printf_hex_int_ll_ptr.o ABSOLUTE
    ../clib/printf.c                         0x00000000   Number         0  __printf_flags.o ABSOLUTE
    ../clib/printf.c                         0x00000000   Number         0  __printf_ss.o ABSOLUTE
    ../clib/printf.c                         0x00000000   Number         0  __printf_wp.o ABSOLUTE
    ../clib/printf.c                         0x00000000   Number         0  __printf_flags_wp.o ABSOLUTE
    ../clib/printf.c                         0x00000000   Number         0  __printf_ss_wp.o ABSOLUTE
    ../clib/printf.c                         0x00000000   Number         0  __printf_flags_ss_wp.o ABSOLUTE
    ../clib/printf.c                         0x00000000   Number         0  _sputc.o ABSOLUTE
    ../clib/printf.c                         0x00000000   Number         0  _printf_char_common.o ABSOLUTE
    ../clib/printf.c                         0x00000000   Number         0  _printf_intcommon.o ABSOLUTE
    ../clib/printf.c                         0x00000000   Number         0  _printf_hex_ptr.o ABSOLUTE
    ../clib/printf.c                         0x00000000   Number         0  __printf_flags_ss.o ABSOLUTE
    ../clib/printf.c                         0x00000000   Number         0  __2printf.o ABSOLUTE
    ../clib/printf.c                         0x00000000   Number         0  __2sprintf.o ABSOLUTE
    ../clib/printf.c                         0x00000000   Number         0  noretval__2printf.o ABSOLUTE
    ../clib/printf.c                         0x00000000   Number         0  noretval__2sprintf.o ABSOLUTE
    ../clib/printf.c                         0x00000000   Number         0  __printf.o ABSOLUTE
    ../clib/printf.c                         0x00000000   Number         0  _printf_str.o ABSOLUTE
    ../clib/printf.c                         0x00000000   Number         0  __printf_nopercent.o ABSOLUTE
    ../clib/printf_percent.s                 0x00000000   Number         0  _printf_percent.o ABSOLUTE
    ../clib/printf_percent.s                 0x00000000   Number         0  _printf_d.o ABSOLUTE
    ../clib/printf_percent.s                 0x00000000   Number         0  _printf_x.o ABSOLUTE
    ../clib/printf_percent.s                 0x00000000   Number         0  _printf_s.o ABSOLUTE
    ../clib/printf_percent.s                 0x00000000   Number         0  _printf_percent_end.o ABSOLUTE
    ../clib/signal.c                         0x00000000   Number         0  defsig_rtmem_inner.o ABSOLUTE
    ../clib/signal.c                         0x00000000   Number         0  defsig_abrt_inner.o ABSOLUTE
    ../clib/signal.c                         0x00000000   Number         0  __raise.o ABSOLUTE
    ../clib/signal.c                         0x00000000   Number         0  defsig_rtmem_formal.o ABSOLUTE
    ../clib/signal.c                         0x00000000   Number         0  defsig_rtmem_outer.o ABSOLUTE
    ../clib/signal.c                         0x00000000   Number         0  defsig_other.o ABSOLUTE
    ../clib/signal.c                         0x00000000   Number         0  defsig_stak_inner.o ABSOLUTE
    ../clib/signal.c                         0x00000000   Number         0  defsig_segv_inner.o ABSOLUTE
    ../clib/signal.c                         0x00000000   Number         0  defsig_cppl_inner.o ABSOLUTE
    ../clib/signal.c                         0x00000000   Number         0  defsig_fpe_inner.o ABSOLUTE
    ../clib/signal.c                         0x00000000   Number         0  defsig_exit.o ABSOLUTE
    ../clib/signal.c                         0x00000000   Number         0  defsig_general.o ABSOLUTE
    ../clib/signal.c                         0x00000000   Number         0  defsig_rtred_inner.o ABSOLUTE
    ../clib/signal.c                         0x00000000   Number         0  defsig_pvfn_inner.o ABSOLUTE
    ../clib/signal.s                         0x00000000   Number         0  defsig.o ABSOLUTE
    ../clib/stdio.c                          0x00000000   Number         0  fgets.o ABSOLUTE
    ../clib/stdlib.c                         0x00000000   Number         0  exit.o ABSOLUTE
    ../clib/string.c                         0x00000000   Number         0  strlen.o ABSOLUTE
    ../fplib/fpinit.s                        0x00000000   Number         0  fpinit.o ABSOLUTE
    RTE\Device\STM32F417VGTx\startup_stm32f417xx.s 0x00000000   Number         0  startup_stm32f417xx.o ABSOLUTE
    RTE\Device\STM32F417VGTx\system_stm32f4xx.c 0x00000000   Number         0  system_stm32f4xx.o ABSOLUTE
    RTE\\Device\\STM32F417VGTx\\system_stm32f4xx.c 0x00000000   Number         0  system_stm32f4xx.o ABSOLUTE
    alarm.c                                  0x00000000   Number         0  alarm.o ABSOLUTE
    alarm.c                                  0x00000000   Number         0  alarm.o ABSOLUTE
    alarm_system.c                           0x00000000   Number         0  alarm_system.o ABSOLUTE
    alarm_system.c                           0x00000000   Number         0  alarm_system.o ABSOLUTE
    dc.s                                     0x00000000   Number         0  dc.o ABSOLUTE
    lab3.c                                   0x00000000   Number         0  lab3.o ABSOLUTE
    lab3.c                                   0x00000000   Number         0  lab3.o ABSOLUTE
    retarget.c                               0x00000000   Number         0  retarget.o ABSOLUTE
    retarget.c                               0x00000000   Number         0  retarget.o ABSOLUTE
    sensor.c                                 0x00000000   Number         0  sensor.o ABSOLUTE
    sensor.c                                 0x00000000   Number         0  sensor.o ABSOLUTE
    super_user.c                             0x00000000   Number         0  super_user.o ABSOLUTE
    super_user.c                             0x00000000   Number         0  super_user.o ABSOLUTE
    user.c                                   0x00000000   Number         0  user.o ABSOLUTE
    user.c                                   0x00000000   Number         0  user.o ABSOLUTE
    RESET                                    0x08000000   Section      392  startup_stm32f417xx.o(RESET)
    !!!main                                  0x08000188   Section        8  __main.o(!!!main)
    !!!scatter                               0x08000190   Section       52  __scatter.o(!!!scatter)
    !!handler_copy                           0x080001c4   Section       26  __scatter_copy.o(!!handler_copy)
    !!handler_zi                             0x080001e0   Section       28  __scatter_zi.o(!!handler_zi)
    .ARM.Collect$$_printf_percent$$00000000  0x080001fc   Section        0  _printf_percent.o(.ARM.Collect$$_printf_percent$$00000000)
    .ARM.Collect$$_printf_percent$$00000009  0x080001fc   Section        6  _printf_d.o(.ARM.Collect$$_printf_percent$$00000009)
    .ARM.Collect$$_printf_percent$$0000000C  0x08000202   Section        6  _printf_x.o(.ARM.Collect$$_printf_percent$$0000000C)
    .ARM.Collect$$_printf_percent$$00000014  0x08000208   Section        6  _printf_s.o(.ARM.Collect$$_printf_percent$$00000014)
    .ARM.Collect$$_printf_percent$$00000017  0x0800020e   Section        4  _printf_percent_end.o(.ARM.Collect$$_printf_percent$$00000017)
    .ARM.Collect$$libinit$$00000000          0x08000212   Section        2  libinit.o(.ARM.Collect$$libinit$$00000000)
    .ARM.Collect$$libinit$$00000001          0x08000214   Section        4  libinit2.o(.ARM.Collect$$libinit$$00000001)
    .ARM.Collect$$libinit$$00000004          0x08000218   Section        0  libinit2.o(.ARM.Collect$$libinit$$00000004)
    .ARM.Collect$$libinit$$0000000A          0x08000218   Section        0  libinit2.o(.ARM.Collect$$libinit$$0000000A)
    .ARM.Collect$$libinit$$0000000C          0x08000218   Section        0  libinit2.o(.ARM.Collect$$libinit$$0000000C)
    .ARM.Collect$$libinit$$0000000E          0x08000218   Section        0  libinit2.o(.ARM.Collect$$libinit$$0000000E)
    .ARM.Collect$$libinit$$00000011          0x08000218   Section        0  libinit2.o(.ARM.Collect$$libinit$$00000011)
    .ARM.Collect$$libinit$$00000013          0x08000218   Section        0  libinit2.o(.ARM.Collect$$libinit$$00000013)
    .ARM.Collect$$libinit$$00000015          0x08000218   Section        0  libinit2.o(.ARM.Collect$$libinit$$00000015)
    .ARM.Collect$$libinit$$00000017          0x08000218   Section        0  libinit2.o(.ARM.Collect$$libinit$$00000017)
    .ARM.Collect$$libinit$$00000019          0x08000218   Section        0  libinit2.o(.ARM.Collect$$libinit$$00000019)
    .ARM.Collect$$libinit$$0000001B          0x08000218   Section        0  libinit2.o(.ARM.Collect$$libinit$$0000001B)
    .ARM.Collect$$libinit$$0000001D          0x08000218   Section        0  libinit2.o(.ARM.Collect$$libinit$$0000001D)
    .ARM.Collect$$libinit$$0000001F          0x08000218   Section        0  libinit2.o(.ARM.Collect$$libinit$$0000001F)
    .ARM.Collect$$libinit$$00000021          0x08000218   Section        0  libinit2.o(.ARM.Collect$$libinit$$00000021)
    .ARM.Collect$$libinit$$00000023          0x08000218   Section        0  libinit2.o(.ARM.Collect$$libinit$$00000023)
    .ARM.Collect$$libinit$$00000025          0x08000218   Section        0  libinit2.o(.ARM.Collect$$libinit$$00000025)
    .ARM.Collect$$libinit$$0000002C          0x08000218   Section        0  libinit2.o(.ARM.Collect$$libinit$$0000002C)
    .ARM.Collect$$libinit$$0000002E          0x08000218   Section        0  libinit2.o(.ARM.Collect$$libinit$$0000002E)
    .ARM.Collect$$libinit$$00000030          0x08000218   Section        0  libinit2.o(.ARM.Collect$$libinit$$00000030)
    .ARM.Collect$$libinit$$00000032          0x08000218   Section        0  libinit2.o(.ARM.Collect$$libinit$$00000032)
    .ARM.Collect$$libinit$$00000033          0x08000218   Section        2  libinit2.o(.ARM.Collect$$libinit$$00000033)
    .ARM.Collect$$libshutdown$$00000000      0x0800021a   Section        2  libshutdown.o(.ARM.Collect$$libshutdown$$00000000)
    .ARM.Collect$$libshutdown$$00000002      0x0800021c   Section        0  libshutdown2.o(.ARM.Collect$$libshutdown$$00000002)
    .ARM.Collect$$libshutdown$$00000004      0x0800021c   Section        0  libshutdown2.o(.ARM.Collect$$libshutdown$$00000004)
    .ARM.Collect$$libshutdown$$00000006      0x0800021c   Section        0  libshutdown2.o(.ARM.Collect$$libshutdown$$00000006)
    .ARM.Collect$$libshutdown$$00000009      0x0800021c   Section        0  libshutdown2.o(.ARM.Collect$$libshutdown$$00000009)
    .ARM.Collect$$libshutdown$$0000000C      0x0800021c   Section        0  libshutdown2.o(.ARM.Collect$$libshutdown$$0000000C)
    .ARM.Collect$$libshutdown$$0000000E      0x0800021c   Section        0  libshutdown2.o(.ARM.Collect$$libshutdown$$0000000E)
    .ARM.Collect$$libshutdown$$00000011      0x0800021c   Section        0  libshutdown2.o(.ARM.Collect$$libshutdown$$00000011)
    .ARM.Collect$$libshutdown$$00000012      0x0800021c   Section        2  libshutdown2.o(.ARM.Collect$$libshutdown$$00000012)
    .ARM.Collect$$rtentry$$00000000          0x0800021e   Section        0  __rtentry.o(.ARM.Collect$$rtentry$$00000000)
    .ARM.Collect$$rtentry$$00000002          0x0800021e   Section        0  __rtentry2.o(.ARM.Collect$$rtentry$$00000002)
    .ARM.Collect$$rtentry$$00000004          0x0800021e   Section        6  __rtentry4.o(.ARM.Collect$$rtentry$$00000004)
    .ARM.Collect$$rtentry$$00000009          0x08000224   Section        0  __rtentry2.o(.ARM.Collect$$rtentry$$00000009)
    .ARM.Collect$$rtentry$$0000000A          0x08000224   Section        4  __rtentry2.o(.ARM.Collect$$rtentry$$0000000A)
    .ARM.Collect$$rtentry$$0000000C          0x08000228   Section        0  __rtentry2.o(.ARM.Collect$$rtentry$$0000000C)
    .ARM.Collect$$rtentry$$0000000D          0x08000228   Section        8  __rtentry2.o(.ARM.Collect$$rtentry$$0000000D)
    .ARM.Collect$$rtexit$$00000000           0x08000230   Section        2  rtexit.o(.ARM.Collect$$rtexit$$00000000)
    .ARM.Collect$$rtexit$$00000002           0x08000232   Section        0  rtexit2.o(.ARM.Collect$$rtexit$$00000002)
    .ARM.Collect$$rtexit$$00000003           0x08000232   Section        4  rtexit2.o(.ARM.Collect$$rtexit$$00000003)
    .ARM.Collect$$rtexit$$00000004           0x08000236   Section        6  rtexit2.o(.ARM.Collect$$rtexit$$00000004)
    .text                                    0x0800023c   Section       64  startup_stm32f417xx.o(.text)
    $v0                                      0x0800023c   Number         0  startup_stm32f417xx.o(.text)
    .text                                    0x0800027c   Section        2  use_no_semi.o(.text)
    .text                                    0x08000280   Section        0  noretval__2printf.o(.text)
    .text                                    0x08000298   Section        0  noretval__2sprintf.o(.text)
    .text                                    0x080002c0   Section        0  __printf.o(.text)
    .text                                    0x08000328   Section        0  _printf_str.o(.text)
    .text                                    0x0800037c   Section        0  _printf_dec.o(.text)
    .text                                    0x080003f4   Section        0  _printf_hex_int.o(.text)
    .text                                    0x0800044c   Section        0  fgets.o(.text)
    .text                                    0x08000496   Section        0  strlen.o(.text)
    .text                                    0x080004d4   Section      138  rt_memcpy_v6.o(.text)
    .text                                    0x0800055e   Section      100  rt_memcpy_w.o(.text)
    .text                                    0x080005c2   Section       68  rt_memclr.o(.text)
    .text                                    0x08000606   Section       78  rt_memclr_w.o(.text)
    .text                                    0x08000654   Section       86  strncpy.o(.text)
    .text                                    0x080006ac   Section      128  strcmpv7m.o(.text)
    .text                                    0x0800072c   Section        0  heapauxi.o(.text)
    .text                                    0x08000732   Section        0  _printf_intcommon.o(.text)
    .text                                    0x080007e4   Section        0  _printf_char_common.o(.text)
    _printf_input_char                       0x080007e5   Thumb Code    10  _printf_char_common.o(.text)
    .text                                    0x08000814   Section        0  _sputc.o(.text)
    .text                                    0x0800081e   Section        0  _printf_char.o(.text)
    .text                                    0x0800084c   Section        0  _printf_char_file.o(.text)
    .text                                    0x08000870   Section       74  sys_stackheap_outer.o(.text)
    .text                                    0x080008ba   Section        0  exit.o(.text)
    .text                                    0x080008cc   Section        8  libspace.o(.text)
    i.Device_Initialization                  0x080008d4   Section        0  lab3.o(i.Device_Initialization)
    i.EXTI0_IRQHandler                       0x080008fc   Section        0  lab3.o(i.EXTI0_IRQHandler)
    i.EXTI1_IRQHandler                       0x08000930   Section        0  lab3.o(i.EXTI1_IRQHandler)
    i.EXTI2_IRQHandler                       0x08000974   Section        0  lab3.o(i.EXTI2_IRQHandler)
    i.ITM_SendChar                           0x08000994   Section        0  retarget.o(i.ITM_SendChar)
    ITM_SendChar                             0x08000995   Thumb Code    44  retarget.o(i.ITM_SendChar)
    i.SysTick_Handler                        0x080009c4   Section        0  lab3.o(i.SysTick_Handler)
    i.SystemInit                             0x08000a78   Section        0  system_stm32f4xx.o(i.SystemInit)
    i.__NVIC_DisableIRQ                      0x08000a94   Section        0  lab3.o(i.__NVIC_DisableIRQ)
    __NVIC_DisableIRQ                        0x08000a95   Thumb Code    30  lab3.o(i.__NVIC_DisableIRQ)
    i.__NVIC_EnableIRQ                       0x08000ab8   Section        0  lab3.o(i.__NVIC_EnableIRQ)
    __NVIC_EnableIRQ                         0x08000ab9   Thumb Code    34  lab3.o(i.__NVIC_EnableIRQ)
    i.__NVIC_SetPendingIRQ                   0x08000adc   Section        0  lab3.o(i.__NVIC_SetPendingIRQ)
    __NVIC_SetPendingIRQ                     0x08000add   Thumb Code    22  lab3.o(i.__NVIC_SetPendingIRQ)
    i._sys_exit                              0x08000af8   Section        0  retarget.o(i._sys_exit)
    i.alarm_display                          0x08000afc   Section        0  alarm.o(i.alarm_display)
    i.alarm_init                             0x08000b68   Section        0  alarm.o(i.alarm_init)
    i.alarm_system_display                   0x08000b90   Section        0  alarm_system.o(i.alarm_system_display)
    i.alarm_system_init                      0x08000c1c   Section        0  alarm_system.o(i.alarm_system_init)
    i.ferror                                 0x08000d6c   Section        0  retarget.o(i.ferror)
    i.fgetc                                  0x08000d74   Section        0  retarget.o(i.fgetc)
    i.fputc                                  0x08000dc4   Section        0  retarget.o(i.fputc)
    i.main                                   0x08000dd4   Section        0  lab3.o(i.main)
    i.sensor_display                         0x08000f84   Section        0  sensor.o(i.sensor_display)
    i.sensor_init                            0x0800101c   Section        0  sensor.o(i.sensor_init)
    i.sensorm_reset                          0x08001044   Section        0  sensor.o(i.sensorm_reset)
    i.sensorm_set                            0x0800105a   Section        0  sensor.o(i.sensorm_set)
    i.super_user_init                        0x08001070   Section        0  super_user.o(i.super_user_init)
    i.sys_clock_timer_init                   0x08001094   Section        0  lab3.o(i.sys_clock_timer_init)
    i.system_fsm_coverage_display            0x08001114   Section        0  alarm_system.o(i.system_fsm_coverage_display)
    i.system_fsm_coverage_update             0x080011f0   Section        0  alarm_system.o(i.system_fsm_coverage_update)
    i.system_get_user                        0x08001278   Section        0  alarm_system.o(i.system_get_user)
    i.system_update_state                    0x080012f8   Section        0  alarm_system.o(i.system_update_state)
    i.system_user_login_event                0x08001410   Section        0  alarm_system.o(i.system_user_login_event)
    i.user_init                              0x08001444   Section        0  user.o(i.user_init)
    x$fpl$fpinit                             0x080014ac   Section       10  fpinit.o(x$fpl$fpinit)
    $v0                                      0x080014ac   Number         0  fpinit.o(x$fpl$fpinit)
    .constdata                               0x080014b8   Section       80  alarm_system.o(.constdata)
    .constdata                               0x08001508   Section       40  _printf_hex_int.o(.constdata)
    uc_hextab                                0x08001508   Data          20  _printf_hex_int.o(.constdata)
    lc_hextab                                0x0800151c   Data          20  _printf_hex_int.o(.constdata)
    .data                                    0x20000000   Section       12  retarget.o(.data)
    .data                                    0x2000000c   Section        4  alarm_system.o(.data)
    .data                                    0x20000010   Section       24  lab3.o(.data)
    .data                                    0x20000028   Section        4  system_stm32f4xx.o(.data)
    .bss                                     0x2000002c   Section     8808  lab3.o(.bss)
    .bss                                     0x20002294   Section       96  libspace.o(.bss)
    HEAP                                     0x200022f8   Section      512  startup_stm32f417xx.o(HEAP)
    Heap_Mem                                 0x200022f8   Data         512  startup_stm32f417xx.o(HEAP)
    STACK                                    0x200024f8   Section     1024  startup_stm32f417xx.o(STACK)
    Stack_Mem                                0x200024f8   Data        1024  startup_stm32f417xx.o(STACK)
    __initial_sp                             0x200028f8   Data           0  startup_stm32f417xx.o(STACK)

    Global Symbols

    Symbol Name                              Value     Ov Type        Size  Object(Section)

    BuildAttributes$$THM_ISAv4$E$P$D$K$B$S$7EM$VFPi3$EXTD16$VFPS$VFMA$PE$A:L22UL41UL21$X:L11$S22US41US21$IEEE1$IW$USESV6$~STKCKD$USESV7$~SHL$OSPACE$ROPI$EBA8$UX$STANDARDLIB$REQ8$PRES8$EABIv2 0x00000000   Number         0  anon$$obj.o ABSOLUTE
    __ARM_use_no_argv                        0x00000000   Number         0  lab3.o ABSOLUTE
    __ARM_exceptions_init                     - Undefined Weak Reference
    __alloca_initialize                       - Undefined Weak Reference
    __arm_fini_                               - Undefined Weak Reference
    __arm_preinit_                            - Undefined Weak Reference
    __cpp_initialize__aeabi_                  - Undefined Weak Reference
    __cxa_finalize                            - Undefined Weak Reference
    __rt_locale                               - Undefined Weak Reference
    __sigvec_lookup                           - Undefined Weak Reference
    _atexit_init                              - Undefined Weak Reference
    _call_atexit_fns                          - Undefined Weak Reference
    _clock_init                               - Undefined Weak Reference
    _fp_trap_init                             - Undefined Weak Reference
    _fp_trap_shutdown                         - Undefined Weak Reference
    _get_lc_collate                           - Undefined Weak Reference
    _get_lc_ctype                             - Undefined Weak Reference
    _get_lc_monetary                          - Undefined Weak Reference
    _get_lc_numeric                           - Undefined Weak Reference
    _get_lc_time                              - Undefined Weak Reference
    _getenv_init                              - Undefined Weak Reference
    _handle_redirection                       - Undefined Weak Reference
    _init_alloc                               - Undefined Weak Reference
    _init_user_alloc                          - Undefined Weak Reference
    _initio                                   - Undefined Weak Reference
    _printf_mbtowc                            - Undefined Weak Reference
    _printf_post_padding                      - Undefined Weak Reference
    _printf_pre_padding                       - Undefined Weak Reference
    _printf_truncate_signed                   - Undefined Weak Reference
    _printf_truncate_unsigned                 - Undefined Weak Reference
    _rand_init                                - Undefined Weak Reference
    _signal_finish                            - Undefined Weak Reference
    _signal_init                              - Undefined Weak Reference
    _terminate_alloc                          - Undefined Weak Reference
    _terminate_user_alloc                     - Undefined Weak Reference
    _terminateio                              - Undefined Weak Reference
    __Vectors_Size                           0x00000188   Number         0  startup_stm32f417xx.o ABSOLUTE
    __Vectors                                0x08000000   Data           4  startup_stm32f417xx.o(RESET)
    __Vectors_End                            0x08000188   Data           0  startup_stm32f417xx.o(RESET)
    __main                                   0x08000189   Thumb Code     8  __main.o(!!!main)
    __scatterload                            0x08000191   Thumb Code     0  __scatter.o(!!!scatter)
    __scatterload_rt2                        0x08000191   Thumb Code    44  __scatter.o(!!!scatter)
    __scatterload_rt2_thumb_only             0x08000191   Thumb Code     0  __scatter.o(!!!scatter)
    __scatterload_null                       0x0800019f   Thumb Code     0  __scatter.o(!!!scatter)
    __scatterload_copy                       0x080001c5   Thumb Code    26  __scatter_copy.o(!!handler_copy)
    __scatterload_zeroinit                   0x080001e1   Thumb Code    28  __scatter_zi.o(!!handler_zi)
    _printf_d                                0x080001fd   Thumb Code     0  _printf_d.o(.ARM.Collect$$_printf_percent$$00000009)
    _printf_percent                          0x080001fd   Thumb Code     0  _printf_percent.o(.ARM.Collect$$_printf_percent$$00000000)
    _printf_x                                0x08000203   Thumb Code     0  _printf_x.o(.ARM.Collect$$_printf_percent$$0000000C)
    _printf_s                                0x08000209   Thumb Code     0  _printf_s.o(.ARM.Collect$$_printf_percent$$00000014)
    _printf_percent_end                      0x0800020f   Thumb Code     0  _printf_percent_end.o(.ARM.Collect$$_printf_percent$$00000017)
    __rt_lib_init                            0x08000213   Thumb Code     0  libinit.o(.ARM.Collect$$libinit$$00000000)
    __rt_lib_init_fp_1                       0x08000215   Thumb Code     0  libinit2.o(.ARM.Collect$$libinit$$00000001)
    __rt_lib_init_alloca_1                   0x08000219   Thumb Code     0  libinit2.o(.ARM.Collect$$libinit$$0000002E)
    __rt_lib_init_argv_1                     0x08000219   Thumb Code     0  libinit2.o(.ARM.Collect$$libinit$$0000002C)
    __rt_lib_init_atexit_1                   0x08000219   Thumb Code     0  libinit2.o(.ARM.Collect$$libinit$$0000001B)
    __rt_lib_init_clock_1                    0x08000219   Thumb Code     0  libinit2.o(.ARM.Collect$$libinit$$00000021)
    __rt_lib_init_cpp_1                      0x08000219   Thumb Code     0  libinit2.o(.ARM.Collect$$libinit$$00000032)
    __rt_lib_init_exceptions_1               0x08000219   Thumb Code     0  libinit2.o(.ARM.Collect$$libinit$$00000030)
    __rt_lib_init_fp_trap_1                  0x08000219   Thumb Code     0  libinit2.o(.ARM.Collect$$libinit$$0000001F)
    __rt_lib_init_getenv_1                   0x08000219   Thumb Code     0  libinit2.o(.ARM.Collect$$libinit$$00000023)
    __rt_lib_init_heap_1                     0x08000219   Thumb Code     0  libinit2.o(.ARM.Collect$$libinit$$0000000A)
    __rt_lib_init_lc_collate_1               0x08000219   Thumb Code     0  libinit2.o(.ARM.Collect$$libinit$$00000011)
    __rt_lib_init_lc_ctype_1                 0x08000219   Thumb Code     0  libinit2.o(.ARM.Collect$$libinit$$00000013)
    __rt_lib_init_lc_monetary_1              0x08000219   Thumb Code     0  libinit2.o(.ARM.Collect$$libinit$$00000015)
    __rt_lib_init_lc_numeric_1               0x08000219   Thumb Code     0  libinit2.o(.ARM.Collect$$libinit$$00000017)
    __rt_lib_init_lc_time_1                  0x08000219   Thumb Code     0  libinit2.o(.ARM.Collect$$libinit$$00000019)
    __rt_lib_init_preinit_1                  0x08000219   Thumb Code     0  libinit2.o(.ARM.Collect$$libinit$$00000004)
    __rt_lib_init_rand_1                     0x08000219   Thumb Code     0  libinit2.o(.ARM.Collect$$libinit$$0000000E)
    __rt_lib_init_return                     0x08000219   Thumb Code     0  libinit2.o(.ARM.Collect$$libinit$$00000033)
    __rt_lib_init_signal_1                   0x08000219   Thumb Code     0  libinit2.o(.ARM.Collect$$libinit$$0000001D)
    __rt_lib_init_stdio_1                    0x08000219   Thumb Code     0  libinit2.o(.ARM.Collect$$libinit$$00000025)
    __rt_lib_init_user_alloc_1               0x08000219   Thumb Code     0  libinit2.o(.ARM.Collect$$libinit$$0000000C)
    __rt_lib_shutdown                        0x0800021b   Thumb Code     0  libshutdown.o(.ARM.Collect$$libshutdown$$00000000)
    __rt_lib_shutdown_cpp_1                  0x0800021d   Thumb Code     0  libshutdown2.o(.ARM.Collect$$libshutdown$$00000004)
    __rt_lib_shutdown_fini_1                 0x0800021d   Thumb Code     0  libshutdown2.o(.ARM.Collect$$libshutdown$$00000002)
    __rt_lib_shutdown_fp_trap_1              0x0800021d   Thumb Code     0  libshutdown2.o(.ARM.Collect$$libshutdown$$00000009)
    __rt_lib_shutdown_heap_1                 0x0800021d   Thumb Code     0  libshutdown2.o(.ARM.Collect$$libshutdown$$00000011)
    __rt_lib_shutdown_return                 0x0800021d   Thumb Code     0  libshutdown2.o(.ARM.Collect$$libshutdown$$00000012)
    __rt_lib_shutdown_signal_1               0x0800021d   Thumb Code     0  libshutdown2.o(.ARM.Collect$$libshutdown$$0000000C)
    __rt_lib_shutdown_stdio_1                0x0800021d   Thumb Code     0  libshutdown2.o(.ARM.Collect$$libshutdown$$00000006)
    __rt_lib_shutdown_user_alloc_1           0x0800021d   Thumb Code     0  libshutdown2.o(.ARM.Collect$$libshutdown$$0000000E)
    __rt_entry                               0x0800021f   Thumb Code     0  __rtentry.o(.ARM.Collect$$rtentry$$00000000)
    __rt_entry_presh_1                       0x0800021f   Thumb Code     0  __rtentry2.o(.ARM.Collect$$rtentry$$00000002)
    __rt_entry_sh                            0x0800021f   Thumb Code     0  __rtentry4.o(.ARM.Collect$$rtentry$$00000004)
    __rt_entry_li                            0x08000225   Thumb Code     0  __rtentry2.o(.ARM.Collect$$rtentry$$0000000A)
    __rt_entry_postsh_1                      0x08000225   Thumb Code     0  __rtentry2.o(.ARM.Collect$$rtentry$$00000009)
    __rt_entry_main                          0x08000229   Thumb Code     0  __rtentry2.o(.ARM.Collect$$rtentry$$0000000D)
    __rt_entry_postli_1                      0x08000229   Thumb Code     0  __rtentry2.o(.ARM.Collect$$rtentry$$0000000C)
    __rt_exit                                0x08000231   Thumb Code     0  rtexit.o(.ARM.Collect$$rtexit$$00000000)
    __rt_exit_ls                             0x08000233   Thumb Code     0  rtexit2.o(.ARM.Collect$$rtexit$$00000003)
    __rt_exit_prels_1                        0x08000233   Thumb Code     0  rtexit2.o(.ARM.Collect$$rtexit$$00000002)
    __rt_exit_exit                           0x08000237   Thumb Code     0  rtexit2.o(.ARM.Collect$$rtexit$$00000004)
    Reset_Handler                            0x0800023d   Thumb Code     8  startup_stm32f417xx.o(.text)
    NMI_Handler                              0x08000245   Thumb Code     2  startup_stm32f417xx.o(.text)
    HardFault_Handler                        0x08000247   Thumb Code     2  startup_stm32f417xx.o(.text)
    MemManage_Handler                        0x08000249   Thumb Code     2  startup_stm32f417xx.o(.text)
    BusFault_Handler                         0x0800024b   Thumb Code     2  startup_stm32f417xx.o(.text)
    UsageFault_Handler                       0x0800024d   Thumb Code     2  startup_stm32f417xx.o(.text)
    SVC_Handler                              0x0800024f   Thumb Code     2  startup_stm32f417xx.o(.text)
    DebugMon_Handler                         0x08000251   Thumb Code     2  startup_stm32f417xx.o(.text)
    PendSV_Handler                           0x08000253   Thumb Code     2  startup_stm32f417xx.o(.text)
    ADC_IRQHandler                           0x08000257   Thumb Code     0  startup_stm32f417xx.o(.text)
    CAN1_RX0_IRQHandler                      0x08000257   Thumb Code     0  startup_stm32f417xx.o(.text)
    CAN1_RX1_IRQHandler                      0x08000257   Thumb Code     0  startup_stm32f417xx.o(.text)
    CAN1_SCE_IRQHandler                      0x08000257   Thumb Code     0  startup_stm32f417xx.o(.text)
    CAN1_TX_IRQHandler                       0x08000257   Thumb Code     0  startup_stm32f417xx.o(.text)
    CAN2_RX0_IRQHandler                      0x08000257   Thumb Code     0  startup_stm32f417xx.o(.text)
    CAN2_RX1_IRQHandler                      0x08000257   Thumb Code     0  startup_stm32f417xx.o(.text)
    CAN2_SCE_IRQHandler                      0x08000257   Thumb Code     0  startup_stm32f417xx.o(.text)
    CAN2_TX_IRQHandler                       0x08000257   Thumb Code     0  startup_stm32f417xx.o(.text)
    CRYP_IRQHandler                          0x08000257   Thumb Code     0  startup_stm32f417xx.o(.text)
    DCMI_IRQHandler                          0x08000257   Thumb Code     0  startup_stm32f417xx.o(.text)
    DMA1_Stream0_IRQHandler                  0x08000257   Thumb Code     0  startup_stm32f417xx.o(.text)
    DMA1_Stream1_IRQHandler                  0x08000257   Thumb Code     0  startup_stm32f417xx.o(.text)
    DMA1_Stream2_IRQHandler                  0x08000257   Thumb Code     0  startup_stm32f417xx.o(.text)
    DMA1_Stream3_IRQHandler                  0x08000257   Thumb Code     0  startup_stm32f417xx.o(.text)
    DMA1_Stream4_IRQHandler                  0x08000257   Thumb Code     0  startup_stm32f417xx.o(.text)
    DMA1_Stream5_IRQHandler                  0x08000257   Thumb Code     0  startup_stm32f417xx.o(.text)
    DMA1_Stream6_IRQHandler                  0x08000257   Thumb Code     0  startup_stm32f417xx.o(.text)
    DMA1_Stream7_IRQHandler                  0x08000257   Thumb Code     0  startup_stm32f417xx.o(.text)
    DMA2_Stream0_IRQHandler                  0x08000257   Thumb Code     0  startup_stm32f417xx.o(.text)
    DMA2_Stream1_IRQHandler                  0x08000257   Thumb Code     0  startup_stm32f417xx.o(.text)
    DMA2_Stream2_IRQHandler                  0x08000257   Thumb Code     0  startup_stm32f417xx.o(.text)
    DMA2_Stream3_IRQHandler                  0x08000257   Thumb Code     0  startup_stm32f417xx.o(.text)
    DMA2_Stream4_IRQHandler                  0x08000257   Thumb Code     0  startup_stm32f417xx.o(.text)
    DMA2_Stream5_IRQHandler                  0x08000257   Thumb Code     0  startup_stm32f417xx.o(.text)
    DMA2_Stream6_IRQHandler                  0x08000257   Thumb Code     0  startup_stm32f417xx.o(.text)
    DMA2_Stream7_IRQHandler                  0x08000257   Thumb Code     0  startup_stm32f417xx.o(.text)
    ETH_IRQHandler                           0x08000257   Thumb Code     0  startup_stm32f417xx.o(.text)
    ETH_WKUP_IRQHandler                      0x08000257   Thumb Code     0  startup_stm32f417xx.o(.text)
    EXTI15_10_IRQHandler                     0x08000257   Thumb Code     0  startup_stm32f417xx.o(.text)
    EXTI3_IRQHandler                         0x08000257   Thumb Code     0  startup_stm32f417xx.o(.text)
    EXTI4_IRQHandler                         0x08000257   Thumb Code     0  startup_stm32f417xx.o(.text)
    EXTI9_5_IRQHandler                       0x08000257   Thumb Code     0  startup_stm32f417xx.o(.text)
    FLASH_IRQHandler                         0x08000257   Thumb Code     0  startup_stm32f417xx.o(.text)
    FMC_IRQHandler                           0x08000257   Thumb Code     0  startup_stm32f417xx.o(.text)
    FPU_IRQHandler                           0x08000257   Thumb Code     0  startup_stm32f417xx.o(.text)
    HASH_RNG_IRQHandler                      0x08000257   Thumb Code     0  startup_stm32f417xx.o(.text)
    I2C1_ER_IRQHandler                       0x08000257   Thumb Code     0  startup_stm32f417xx.o(.text)
    I2C1_EV_IRQHandler                       0x08000257   Thumb Code     0  startup_stm32f417xx.o(.text)
    I2C2_ER_IRQHandler                       0x08000257   Thumb Code     0  startup_stm32f417xx.o(.text)
    I2C2_EV_IRQHandler                       0x08000257   Thumb Code     0  startup_stm32f417xx.o(.text)
    I2C3_ER_IRQHandler                       0x08000257   Thumb Code     0  startup_stm32f417xx.o(.text)
    I2C3_EV_IRQHandler                       0x08000257   Thumb Code     0  startup_stm32f417xx.o(.text)
    OTG_FS_IRQHandler                        0x08000257   Thumb Code     0  startup_stm32f417xx.o(.text)
    OTG_FS_WKUP_IRQHandler                   0x08000257   Thumb Code     0  startup_stm32f417xx.o(.text)
    OTG_HS_EP1_IN_IRQHandler                 0x08000257   Thumb Code     0  startup_stm32f417xx.o(.text)
    OTG_HS_EP1_OUT_IRQHandler                0x08000257   Thumb Code     0  startup_stm32f417xx.o(.text)
    OTG_HS_IRQHandler                        0x08000257   Thumb Code     0  startup_stm32f417xx.o(.text)
    OTG_HS_WKUP_IRQHandler                   0x08000257   Thumb Code     0  startup_stm32f417xx.o(.text)
    PVD_IRQHandler                           0x08000257   Thumb Code     0  startup_stm32f417xx.o(.text)
    RCC_IRQHandler                           0x08000257   Thumb Code     0  startup_stm32f417xx.o(.text)
    RTC_Alarm_IRQHandler                     0x08000257   Thumb Code     0  startup_stm32f417xx.o(.text)
    RTC_WKUP_IRQHandler                      0x08000257   Thumb Code     0  startup_stm32f417xx.o(.text)
    SDIO_IRQHandler                          0x08000257   Thumb Code     0  startup_stm32f417xx.o(.text)
    SPI1_IRQHandler                          0x08000257   Thumb Code     0  startup_stm32f417xx.o(.text)
    SPI2_IRQHandler                          0x08000257   Thumb Code     0  startup_stm32f417xx.o(.text)
    SPI3_IRQHandler                          0x08000257   Thumb Code     0  startup_stm32f417xx.o(.text)
    TAMP_STAMP_IRQHandler                    0x08000257   Thumb Code     0  startup_stm32f417xx.o(.text)
    TIM1_BRK_TIM9_IRQHandler                 0x08000257   Thumb Code     0  startup_stm32f417xx.o(.text)
    TIM1_CC_IRQHandler                       0x08000257   Thumb Code     0  startup_stm32f417xx.o(.text)
    TIM1_TRG_COM_TIM11_IRQHandler            0x08000257   Thumb Code     0  startup_stm32f417xx.o(.text)
    TIM1_UP_TIM10_IRQHandler                 0x08000257   Thumb Code     0  startup_stm32f417xx.o(.text)
    TIM2_IRQHandler                          0x08000257   Thumb Code     0  startup_stm32f417xx.o(.text)
    TIM3_IRQHandler                          0x08000257   Thumb Code     0  startup_stm32f417xx.o(.text)
    TIM4_IRQHandler                          0x08000257   Thumb Code     0  startup_stm32f417xx.o(.text)
    TIM5_IRQHandler                          0x08000257   Thumb Code     0  startup_stm32f417xx.o(.text)
    TIM6_DAC_IRQHandler                      0x08000257   Thumb Code     0  startup_stm32f417xx.o(.text)
    TIM7_IRQHandler                          0x08000257   Thumb Code     0  startup_stm32f417xx.o(.text)
    TIM8_BRK_TIM12_IRQHandler                0x08000257   Thumb Code     0  startup_stm32f417xx.o(.text)
    TIM8_CC_IRQHandler                       0x08000257   Thumb Code     0  startup_stm32f417xx.o(.text)
    TIM8_TRG_COM_TIM14_IRQHandler            0x08000257   Thumb Code     0  startup_stm32f417xx.o(.text)
    TIM8_UP_TIM13_IRQHandler                 0x08000257   Thumb Code     0  startup_stm32f417xx.o(.text)
    UART4_IRQHandler                         0x08000257   Thumb Code     0  startup_stm32f417xx.o(.text)
    UART5_IRQHandler                         0x08000257   Thumb Code     0  startup_stm32f417xx.o(.text)
    USART1_IRQHandler                        0x08000257   Thumb Code     0  startup_stm32f417xx.o(.text)
    USART2_IRQHandler                        0x08000257   Thumb Code     0  startup_stm32f417xx.o(.text)
    USART3_IRQHandler                        0x08000257   Thumb Code     0  startup_stm32f417xx.o(.text)
    USART6_IRQHandler                        0x08000257   Thumb Code     0  startup_stm32f417xx.o(.text)
    WWDG_IRQHandler                          0x08000257   Thumb Code     0  startup_stm32f417xx.o(.text)
    __user_initial_stackheap                 0x08000259   Thumb Code     0  startup_stm32f417xx.o(.text)
    __I$use$semihosting                      0x0800027d   Thumb Code     0  use_no_semi.o(.text)
    __use_no_semihosting_swi                 0x0800027d   Thumb Code     2  use_no_semi.o(.text)
    __2printf                                0x08000281   Thumb Code    20  noretval__2printf.o(.text)
    __2sprintf                               0x08000299   Thumb Code    34  noretval__2sprintf.o(.text)
    __printf                                 0x080002c1   Thumb Code   104  __printf.o(.text)
    _printf_str                              0x08000329   Thumb Code    82  _printf_str.o(.text)
    _printf_int_dec                          0x0800037d   Thumb Code   104  _printf_dec.o(.text)
    _printf_int_hex                          0x080003f5   Thumb Code    84  _printf_hex_int.o(.text)
    _printf_longlong_hex                     0x080003f5   Thumb Code     0  _printf_hex_int.o(.text)
    fgets                                    0x0800044d   Thumb Code    74  fgets.o(.text)
    strlen                                   0x08000497   Thumb Code    62  strlen.o(.text)
    __aeabi_memcpy                           0x080004d5   Thumb Code     0  rt_memcpy_v6.o(.text)
    __rt_memcpy                              0x080004d5   Thumb Code   138  rt_memcpy_v6.o(.text)
    _memcpy_lastbytes                        0x0800053b   Thumb Code     0  rt_memcpy_v6.o(.text)
    __aeabi_memcpy4                          0x0800055f   Thumb Code     0  rt_memcpy_w.o(.text)
    __aeabi_memcpy8                          0x0800055f   Thumb Code     0  rt_memcpy_w.o(.text)
    __rt_memcpy_w                            0x0800055f   Thumb Code   100  rt_memcpy_w.o(.text)
    _memcpy_lastbytes_aligned                0x080005a7   Thumb Code     0  rt_memcpy_w.o(.text)
    __aeabi_memclr                           0x080005c3   Thumb Code     0  rt_memclr.o(.text)
    __rt_memclr                              0x080005c3   Thumb Code    68  rt_memclr.o(.text)
    _memset                                  0x080005c7   Thumb Code     0  rt_memclr.o(.text)
    __aeabi_memclr4                          0x08000607   Thumb Code     0  rt_memclr_w.o(.text)
    __aeabi_memclr8                          0x08000607   Thumb Code     0  rt_memclr_w.o(.text)
    __rt_memclr_w                            0x08000607   Thumb Code    78  rt_memclr_w.o(.text)
    _memset_w                                0x0800060b   Thumb Code     0  rt_memclr_w.o(.text)
    strncpy                                  0x08000655   Thumb Code    86  strncpy.o(.text)
    strcmp                                   0x080006ad   Thumb Code   128  strcmpv7m.o(.text)
    __use_two_region_memory                  0x0800072d   Thumb Code     2  heapauxi.o(.text)
    __rt_heap_escrow$2region                 0x0800072f   Thumb Code     2  heapauxi.o(.text)
    __rt_heap_expand$2region                 0x08000731   Thumb Code     2  heapauxi.o(.text)
    _printf_int_common                       0x08000733   Thumb Code   178  _printf_intcommon.o(.text)
    _printf_char_common                      0x080007ef   Thumb Code    32  _printf_char_common.o(.text)
    _sputc                                   0x08000815   Thumb Code    10  _sputc.o(.text)
    _printf_cs_common                        0x0800081f   Thumb Code    20  _printf_char.o(.text)
    _printf_char                             0x08000833   Thumb Code    16  _printf_char.o(.text)
    _printf_string                           0x08000843   Thumb Code     8  _printf_char.o(.text)
    _printf_char_file                        0x0800084d   Thumb Code    32  _printf_char_file.o(.text)
    __user_setup_stackheap                   0x08000871   Thumb Code    74  sys_stackheap_outer.o(.text)
    exit                                     0x080008bb   Thumb Code    18  exit.o(.text)
    __user_libspace                          0x080008cd   Thumb Code     8  libspace.o(.text)
    __user_perproc_libspace                  0x080008cd   Thumb Code     0  libspace.o(.text)
    __user_perthread_libspace                0x080008cd   Thumb Code     0  libspace.o(.text)
    Device_Initialization                    0x080008d5   Thumb Code    36  lab3.o(i.Device_Initialization)
    EXTI0_IRQHandler                         0x080008fd   Thumb Code    14  lab3.o(i.EXTI0_IRQHandler)
    EXTI1_IRQHandler                         0x08000931   Thumb Code    24  lab3.o(i.EXTI1_IRQHandler)
    EXTI2_IRQHandler                         0x08000975   Thumb Code    20  lab3.o(i.EXTI2_IRQHandler)
    SysTick_Handler                          0x080009c5   Thumb Code   162  lab3.o(i.SysTick_Handler)
    SystemInit                               0x08000a79   Thumb Code    24  system_stm32f4xx.o(i.SystemInit)
    _sys_exit                                0x08000af9   Thumb Code     4  retarget.o(i._sys_exit)
    alarm_display                            0x08000afd   Thumb Code    50  alarm.o(i.alarm_display)
    alarm_init                               0x08000b69   Thumb Code    40  alarm.o(i.alarm_init)
    alarm_system_display                     0x08000b91   Thumb Code    74  alarm_system.o(i.alarm_system_display)
    alarm_system_init                        0x08000c1d   Thumb Code   278  alarm_system.o(i.alarm_system_init)
    ferror                                   0x08000d6d   Thumb Code     8  retarget.o(i.ferror)
    fgetc                                    0x08000d75   Thumb Code    72  retarget.o(i.fgetc)
    fputc                                    0x08000dc5   Thumb Code    14  retarget.o(i.fputc)
    main                                     0x08000dd5   Thumb Code   164  lab3.o(i.main)
    sensor_display                           0x08000f85   Thumb Code    74  sensor.o(i.sensor_display)
    sensor_init                              0x0800101d   Thumb Code    40  sensor.o(i.sensor_init)
    sensorm_reset                            0x08001045   Thumb Code    22  sensor.o(i.sensorm_reset)
    sensorm_set                              0x0800105b   Thumb Code    22  sensor.o(i.sensorm_set)
    super_user_init                          0x08001071   Thumb Code    34  super_user.o(i.super_user_init)
    sys_clock_timer_init                     0x08001095   Thumb Code    90  lab3.o(i.sys_clock_timer_init)
    system_fsm_coverage_display              0x08001115   Thumb Code   134  alarm_system.o(i.system_fsm_coverage_display)
    system_fsm_coverage_update               0x080011f1   Thumb Code   136  alarm_system.o(i.system_fsm_coverage_update)
    system_get_user                          0x08001279   Thumb Code   126  alarm_system.o(i.system_get_user)
    system_update_state                      0x080012f9   Thumb Code   258  alarm_system.o(i.system_update_state)
    system_user_login_event                  0x08001411   Thumb Code    18  alarm_system.o(i.system_user_login_event)
    user_init                                0x08001445   Thumb Code    78  user.o(i.user_init)
    _fp_init                                 0x080014ad   Thumb Code    10  fpinit.o(x$fpl$fpinit)
    __fplib_config_fpu_vfp                   0x080014b5   Thumb Code     0  fpinit.o(x$fpl$fpinit)
    __fplib_config_pureend_doubles           0x080014b5   Thumb Code     0  fpinit.o(x$fpl$fpinit)
    Region$$Table$$Base                      0x08001530   Number         0  anon$$obj.o(Region$$Table)
    Region$$Table$$Limit                     0x08001550   Number         0  anon$$obj.o(Region$$Table)
    __stdout                                 0x20000000   Data           4  retarget.o(.data)
    __stdin                                  0x20000004   Data           4  retarget.o(.data)
    ITM_RxBuffer                             0x20000008   Data           4  retarget.o(.data)
    counter                                  0x2000000c   Data           4  alarm_system.o(.data)
    sensor_states                            0x20000010   Data           8  lab3.o(.data)
    prev_sensor_states                       0x20000018   Data           8  lab3.o(.data)
    msTicks                                  0x20000020   Data           4  lab3.o(.data)
    logged_in_user                           0x20000024   Data           4  lab3.o(.data)
    SystemCoreClock                          0x20000028   Data           4  system_stm32f4xx.o(.data)
    textbuffer                               0x2000002c   Data          34  lab3.o(.bss)
    system                                   0x20000050   Data        8772  lab3.o(.bss)
    __libspace_start                         0x20002294   Data          96  libspace.o(.bss)
    __temporary_stack_top$libspace           0x200022f4   Data           0  libspace.o(.bss)



==============================================================================

Memory Map of the image

  Image Entry point : 0x0800023d

  Load Region LR_1 (Base: 0x08000000, Size: 0x0000157c, Max: 0xffffffff, ABSOLUTE)

    Execution Region ER_RO (Exec base: 0x08000000, Load base: 0x08000000, Size: 0x00001550, Max: 0xffffffff, ABSOLUTE)

    Exec Addr    Load Addr    Size         Type   Attr      Idx    E Section Name        Object

    0x08000000   0x08000000   0x00000188   Data   RO          452    RESET               startup_stm32f417xx.o
    0x08000188   0x08000188   0x00000008   Code   RO          575  * !!!main             c_w.l(__main.o)
    0x08000190   0x08000190   0x00000034   Code   RO          741    !!!scatter          c_w.l(__scatter.o)
    0x080001c4   0x080001c4   0x0000001a   Code   RO          743    !!handler_copy      c_w.l(__scatter_copy.o)
    0x080001de   0x080001de   0x00000002   PAD
    0x080001e0   0x080001e0   0x0000001c   Code   RO          745    !!handler_zi        c_w.l(__scatter_zi.o)
    0x080001fc   0x080001fc   0x00000000   Code   RO          556    .ARM.Collect$$_printf_percent$$00000000  c_w.l(_printf_percent.o)
    0x080001fc   0x080001fc   0x00000006   Code   RO          555    .ARM.Collect$$_printf_percent$$00000009  c_w.l(_printf_d.o)
    0x08000202   0x08000202   0x00000006   Code   RO          554    .ARM.Collect$$_printf_percent$$0000000C  c_w.l(_printf_x.o)
    0x08000208   0x08000208   0x00000006   Code   RO          553    .ARM.Collect$$_printf_percent$$00000014  c_w.l(_printf_s.o)
    0x0800020e   0x0800020e   0x00000004   Code   RO          588    .ARM.Collect$$_printf_percent$$00000017  c_w.l(_printf_percent_end.o)
    0x08000212   0x08000212   0x00000002   Code   RO          615    .ARM.Collect$$libinit$$00000000  c_w.l(libinit.o)
    0x08000214   0x08000214   0x00000004   Code   RO          621    .ARM.Collect$$libinit$$00000001  c_w.l(libinit2.o)
    0x08000218   0x08000218   0x00000000   Code   RO          624    .ARM.Collect$$libinit$$00000004  c_w.l(libinit2.o)
    0x08000218   0x08000218   0x00000000   Code   RO          627    .ARM.Collect$$libinit$$0000000A  c_w.l(libinit2.o)
    0x08000218   0x08000218   0x00000000   Code   RO          629    .ARM.Collect$$libinit$$0000000C  c_w.l(libinit2.o)
    0x08000218   0x08000218   0x00000000   Code   RO          631    .ARM.Collect$$libinit$$0000000E  c_w.l(libinit2.o)
    0x08000218   0x08000218   0x00000000   Code   RO          634    .ARM.Collect$$libinit$$00000011  c_w.l(libinit2.o)
    0x08000218   0x08000218   0x00000000   Code   RO          636    .ARM.Collect$$libinit$$00000013  c_w.l(libinit2.o)
    0x08000218   0x08000218   0x00000000   Code   RO          638    .ARM.Collect$$libinit$$00000015  c_w.l(libinit2.o)
    0x08000218   0x08000218   0x00000000   Code   RO          640    .ARM.Collect$$libinit$$00000017  c_w.l(libinit2.o)
    0x08000218   0x08000218   0x00000000   Code   RO          642    .ARM.Collect$$libinit$$00000019  c_w.l(libinit2.o)
    0x08000218   0x08000218   0x00000000   Code   RO          644    .ARM.Collect$$libinit$$0000001B  c_w.l(libinit2.o)
    0x08000218   0x08000218   0x00000000   Code   RO          646    .ARM.Collect$$libinit$$0000001D  c_w.l(libinit2.o)
    0x08000218   0x08000218   0x00000000   Code   RO          648    .ARM.Collect$$libinit$$0000001F  c_w.l(libinit2.o)
    0x08000218   0x08000218   0x00000000   Code   RO          650    .ARM.Collect$$libinit$$00000021  c_w.l(libinit2.o)
    0x08000218   0x08000218   0x00000000   Code   RO          652    .ARM.Collect$$libinit$$00000023  c_w.l(libinit2.o)
    0x08000218   0x08000218   0x00000000   Code   RO          654    .ARM.Collect$$libinit$$00000025  c_w.l(libinit2.o)
    0x08000218   0x08000218   0x00000000   Code   RO          658    .ARM.Collect$$libinit$$0000002C  c_w.l(libinit2.o)
    0x08000218   0x08000218   0x00000000   Code   RO          660    .ARM.Collect$$libinit$$0000002E  c_w.l(libinit2.o)
    0x08000218   0x08000218   0x00000000   Code   RO          662    .ARM.Collect$$libinit$$00000030  c_w.l(libinit2.o)
    0x08000218   0x08000218   0x00000000   Code   RO          664    .ARM.Collect$$libinit$$00000032  c_w.l(libinit2.o)
    0x08000218   0x08000218   0x00000002   Code   RO          665    .ARM.Collect$$libinit$$00000033  c_w.l(libinit2.o)
    0x0800021a   0x0800021a   0x00000002   Code   RO          683    .ARM.Collect$$libshutdown$$00000000  c_w.l(libshutdown.o)
    0x0800021c   0x0800021c   0x00000000   Code   RO          693    .ARM.Collect$$libshutdown$$00000002  c_w.l(libshutdown2.o)
    0x0800021c   0x0800021c   0x00000000   Code   RO          695    .ARM.Collect$$libshutdown$$00000004  c_w.l(libshutdown2.o)
    0x0800021c   0x0800021c   0x00000000   Code   RO          697    .ARM.Collect$$libshutdown$$00000006  c_w.l(libshutdown2.o)
    0x0800021c   0x0800021c   0x00000000   Code   RO          700    .ARM.Collect$$libshutdown$$00000009  c_w.l(libshutdown2.o)
    0x0800021c   0x0800021c   0x00000000   Code   RO          703    .ARM.Collect$$libshutdown$$0000000C  c_w.l(libshutdown2.o)
    0x0800021c   0x0800021c   0x00000000   Code   RO          705    .ARM.Collect$$libshutdown$$0000000E  c_w.l(libshutdown2.o)
    0x0800021c   0x0800021c   0x00000000   Code   RO          708    .ARM.Collect$$libshutdown$$00000011  c_w.l(libshutdown2.o)
    0x0800021c   0x0800021c   0x00000002   Code   RO          709    .ARM.Collect$$libshutdown$$00000012  c_w.l(libshutdown2.o)
    0x0800021e   0x0800021e   0x00000000   Code   RO          577    .ARM.Collect$$rtentry$$00000000  c_w.l(__rtentry.o)
    0x0800021e   0x0800021e   0x00000000   Code   RO          590    .ARM.Collect$$rtentry$$00000002  c_w.l(__rtentry2.o)
    0x0800021e   0x0800021e   0x00000006   Code   RO          602    .ARM.Collect$$rtentry$$00000004  c_w.l(__rtentry4.o)
    0x08000224   0x08000224   0x00000000   Code   RO          592    .ARM.Collect$$rtentry$$00000009  c_w.l(__rtentry2.o)
    0x08000224   0x08000224   0x00000004   Code   RO          593    .ARM.Collect$$rtentry$$0000000A  c_w.l(__rtentry2.o)
    0x08000228   0x08000228   0x00000000   Code   RO          595    .ARM.Collect$$rtentry$$0000000C  c_w.l(__rtentry2.o)
    0x08000228   0x08000228   0x00000008   Code   RO          596    .ARM.Collect$$rtentry$$0000000D  c_w.l(__rtentry2.o)
    0x08000230   0x08000230   0x00000002   Code   RO          619    .ARM.Collect$$rtexit$$00000000  c_w.l(rtexit.o)
    0x08000232   0x08000232   0x00000000   Code   RO          667    .ARM.Collect$$rtexit$$00000002  c_w.l(rtexit2.o)
    0x08000232   0x08000232   0x00000004   Code   RO          668    .ARM.Collect$$rtexit$$00000003  c_w.l(rtexit2.o)
    0x08000236   0x08000236   0x00000006   Code   RO          669    .ARM.Collect$$rtexit$$00000004  c_w.l(rtexit2.o)
    0x0800023c   0x0800023c   0x00000040   Code   RO          453  * .text               startup_stm32f417xx.o
    0x0800027c   0x0800027c   0x00000002   Code   RO          496    .text               c_w.l(use_no_semi.o)
    0x0800027e   0x0800027e   0x00000002   PAD
    0x08000280   0x08000280   0x00000018   Code   RO          502    .text               c_w.l(noretval__2printf.o)
    0x08000298   0x08000298   0x00000028   Code   RO          504    .text               c_w.l(noretval__2sprintf.o)
    0x080002c0   0x080002c0   0x00000068   Code   RO          506    .text               c_w.l(__printf.o)
    0x08000328   0x08000328   0x00000052   Code   RO          508    .text               c_w.l(_printf_str.o)
    0x0800037a   0x0800037a   0x00000002   PAD
    0x0800037c   0x0800037c   0x00000078   Code   RO          510    .text               c_w.l(_printf_dec.o)
    0x080003f4   0x080003f4   0x00000058   Code   RO          515    .text               c_w.l(_printf_hex_int.o)
    0x0800044c   0x0800044c   0x0000004a   Code   RO          557    .text               c_w.l(fgets.o)
    0x08000496   0x08000496   0x0000003e   Code   RO          559    .text               c_w.l(strlen.o)
    0x080004d4   0x080004d4   0x0000008a   Code   RO          561    .text               c_w.l(rt_memcpy_v6.o)
    0x0800055e   0x0800055e   0x00000064   Code   RO          563    .text               c_w.l(rt_memcpy_w.o)
    0x080005c2   0x080005c2   0x00000044   Code   RO          565    .text               c_w.l(rt_memclr.o)
    0x08000606   0x08000606   0x0000004e   Code   RO          567    .text               c_w.l(rt_memclr_w.o)
    0x08000654   0x08000654   0x00000056   Code   RO          569    .text               c_w.l(strncpy.o)
    0x080006aa   0x080006aa   0x00000002   PAD
    0x080006ac   0x080006ac   0x00000080   Code   RO          571    .text               c_w.l(strcmpv7m.o)
    0x0800072c   0x0800072c   0x00000006   Code   RO          573    .text               c_w.l(heapauxi.o)
    0x08000732   0x08000732   0x000000b2   Code   RO          578    .text               c_w.l(_printf_intcommon.o)
    0x080007e4   0x080007e4   0x00000030   Code   RO          580    .text               c_w.l(_printf_char_common.o)
    0x08000814   0x08000814   0x0000000a   Code   RO          582    .text               c_w.l(_sputc.o)
    0x0800081e   0x0800081e   0x0000002c   Code   RO          584    .text               c_w.l(_printf_char.o)
    0x0800084a   0x0800084a   0x00000002   PAD
    0x0800084c   0x0800084c   0x00000024   Code   RO          586    .text               c_w.l(_printf_char_file.o)
    0x08000870   0x08000870   0x0000004a   Code   RO          606    .text               c_w.l(sys_stackheap_outer.o)
    0x080008ba   0x080008ba   0x00000012   Code   RO          608    .text               c_w.l(exit.o)
    0x080008cc   0x080008cc   0x00000008   Code   RO          616    .text               c_w.l(libspace.o)
    0x080008d4   0x080008d4   0x00000028   Code   RO          370    i.Device_Initialization  lab3.o
    0x080008fc   0x080008fc   0x00000034   Code   RO          371    i.EXTI0_IRQHandler  lab3.o
    0x08000930   0x08000930   0x00000044   Code   RO          372    i.EXTI1_IRQHandler  lab3.o
    0x08000974   0x08000974   0x00000020   Code   RO          373    i.EXTI2_IRQHandler  lab3.o
    0x08000994   0x08000994   0x00000030   Code   RO            4    i.ITM_SendChar      retarget.o
    0x080009c4   0x080009c4   0x000000b4   Code   RO          374    i.SysTick_Handler   lab3.o
    0x08000a78   0x08000a78   0x0000001c   Code   RO          461    i.SystemInit        system_stm32f4xx.o
    0x08000a94   0x08000a94   0x00000024   Code   RO          375    i.__NVIC_DisableIRQ  lab3.o
    0x08000ab8   0x08000ab8   0x00000022   Code   RO          376    i.__NVIC_EnableIRQ  lab3.o
    0x08000ada   0x08000ada   0x00000002   PAD
    0x08000adc   0x08000adc   0x0000001c   Code   RO          377    i.__NVIC_SetPendingIRQ  lab3.o
    0x08000af8   0x08000af8   0x00000004   Code   RO            5    i._sys_exit         retarget.o
    0x08000afc   0x08000afc   0x0000006c   Code   RO          169    i.alarm_display     alarm.o
    0x08000b68   0x08000b68   0x00000028   Code   RO          170    i.alarm_init        alarm.o
    0x08000b90   0x08000b90   0x0000008c   Code   RO          268    i.alarm_system_display  alarm_system.o
    0x08000c1c   0x08000c1c   0x00000150   Code   RO          269    i.alarm_system_init  alarm_system.o
    0x08000d6c   0x08000d6c   0x00000008   Code   RO            7    i.ferror            retarget.o
    0x08000d74   0x08000d74   0x00000050   Code   RO            8    i.fgetc             retarget.o
    0x08000dc4   0x08000dc4   0x0000000e   Code   RO            9    i.fputc             retarget.o
    0x08000dd2   0x08000dd2   0x00000002   PAD
    0x08000dd4   0x08000dd4   0x000001b0   Code   RO          378    i.main              lab3.o
    0x08000f84   0x08000f84   0x00000098   Code   RO          104    i.sensor_display    sensor.o
    0x0800101c   0x0800101c   0x00000028   Code   RO          105    i.sensor_init       sensor.o
    0x08001044   0x08001044   0x00000016   Code   RO          106    i.sensorm_reset     sensor.o
    0x0800105a   0x0800105a   0x00000016   Code   RO          107    i.sensorm_set       sensor.o
    0x08001070   0x08001070   0x00000022   Code   RO          214    i.super_user_init   super_user.o
    0x08001092   0x08001092   0x00000002   PAD
    0x08001094   0x08001094   0x00000080   Code   RO          379    i.sys_clock_timer_init  lab3.o
    0x08001114   0x08001114   0x000000dc   Code   RO          272    i.system_fsm_coverage_display  alarm_system.o
    0x080011f0   0x080011f0   0x00000088   Code   RO          273    i.system_fsm_coverage_update  alarm_system.o
    0x08001278   0x08001278   0x0000007e   Code   RO          274    i.system_get_user   alarm_system.o
    0x080012f6   0x080012f6   0x00000002   PAD
    0x080012f8   0x080012f8   0x00000118   Code   RO          275    i.system_update_state  alarm_system.o
    0x08001410   0x08001410   0x00000034   Code   RO          276    i.system_user_login_event  alarm_system.o
    0x08001444   0x08001444   0x00000068   Code   RO          244    i.user_init         user.o
    0x080014ac   0x080014ac   0x0000000a   Code   RO          675    x$fpl$fpinit        fz_wm.l(fpinit.o)
    0x080014b6   0x080014b6   0x00000002   PAD
    0x080014b8   0x080014b8   0x00000050   Data   RO          278    .constdata          alarm_system.o
    0x08001508   0x08001508   0x00000028   Data   RO          516    .constdata          c_w.l(_printf_hex_int.o)
    0x08001530   0x08001530   0x00000020   Data   RO          739    Region$$Table       anon$$obj.o


    Execution Region ER_RW (Exec base: 0x20000000, Load base: 0x08001550, Size: 0x0000002c, Max: 0xffffffff, ABSOLUTE)

    Exec Addr    Load Addr    Size         Type   Attr      Idx    E Section Name        Object

    0x20000000   0x08001550   0x0000000c   Data   RW           10    .data               retarget.o
    0x2000000c   0x0800155c   0x00000004   Data   RW          279    .data               alarm_system.o
    0x20000010   0x08001560   0x00000018   Data   RW          381    .data               lab3.o
    0x20000028   0x08001578   0x00000004   Data   RW          463    .data               system_stm32f4xx.o


    Execution Region ER_ZI (Exec base: 0x2000002c, Load base: 0x0800157c, Size: 0x000028cc, Max: 0xffffffff, ABSOLUTE)

    Exec Addr    Load Addr    Size         Type   Attr      Idx    E Section Name        Object

    0x2000002c        -       0x00002268   Zero   RW          380    .bss                lab3.o
    0x20002294        -       0x00000060   Zero   RW          617    .bss                c_w.l(libspace.o)
    0x200022f4   0x0800157c   0x00000004   PAD
    0x200022f8        -       0x00000200   Zero   RW          451    HEAP                startup_stm32f417xx.o
    0x200024f8        -       0x00000400   Zero   RW          450    STACK               startup_stm32f417xx.o


==============================================================================

Image component sizes


      Code (inc. data)   RO Data    RW Data    ZI Data      Debug   Object Name

       148         58          0          0          0       2485   alarm.o
      1290        266         80          4          0      40272   alarm_system.o
      1030        434          0         24       8808      37292   lab3.o
       154         12          0         12          0     607476   retarget.o
       236         78          0          0          0       3741   sensor.o
        64         26        392          0       1536        956   startup_stm32f417xx.o
        34          0          0          0          0       2466   super_user.o
        28          4          0          4          0       1611   system_stm32f4xx.o
       104         26          0          0          0       1280   user.o

    ----------------------------------------------------------------------
      3096        904        504         44      10344     697579   Object Totals
         0          0         32          0          0          0   (incl. Generated)
         8          0          0          0          0          0   (incl. Padding)

    ----------------------------------------------------------------------

      Code (inc. data)   RO Data    RW Data    ZI Data      Debug   Library Member Name

         8          0          0          0          0         68   __main.o
       104          0          0          0          0         84   __printf.o
         0          0          0          0          0          0   __rtentry.o
        12          0          0          0          0          0   __rtentry2.o
         6          0          0          0          0          0   __rtentry4.o
        52          8          0          0          0          0   __scatter.o
        26          0          0          0          0          0   __scatter_copy.o
        28          0          0          0          0          0   __scatter_zi.o
        44          0          0          0          0        108   _printf_char.o
        48          6          0          0          0         96   _printf_char_common.o
        36          4          0          0          0         80   _printf_char_file.o
         6          0          0          0          0          0   _printf_d.o
       120         16          0          0          0         92   _printf_dec.o
        88          4         40          0          0         88   _printf_hex_int.o
       178          0          0          0          0         88   _printf_intcommon.o
         0          0          0          0          0          0   _printf_percent.o
         4          0          0          0          0          0   _printf_percent_end.o
         6          0          0          0          0          0   _printf_s.o
        82          0          0          0          0         80   _printf_str.o
         6          0          0          0          0          0   _printf_x.o
        10          0          0          0          0         68   _sputc.o
        18          0          0          0          0         80   exit.o
        74          0          0          0          0         84   fgets.o
         6          0          0          0          0        152   heapauxi.o
         2          0          0          0          0          0   libinit.o
         6          0          0          0          0          0   libinit2.o
         2          0          0          0          0          0   libshutdown.o
         2          0          0          0          0          0   libshutdown2.o
         8          4          0          0         96         68   libspace.o
        24          4          0          0          0         84   noretval__2printf.o
        40          6          0          0          0         84   noretval__2sprintf.o
        68          0          0          0          0         68   rt_memclr.o
        78          0          0          0          0         80   rt_memclr_w.o
       138          0          0          0          0         68   rt_memcpy_v6.o
       100          0          0          0          0         80   rt_memcpy_w.o
         2          0          0          0          0          0   rtexit.o
        10          0          0          0          0          0   rtexit2.o
       128          0          0          0          0         68   strcmpv7m.o
        62          0          0          0          0         76   strlen.o
        86          0          0          0          0         76   strncpy.o
        74          0          0          0          0         80   sys_stackheap_outer.o
         2          0          0          0          0         68   use_no_semi.o
        10          0          0          0          0        116   fpinit.o

    ----------------------------------------------------------------------
      1816         52         40          0        100       2184   Library Totals
        12          0          0          0          4          0   (incl. Padding)

    ----------------------------------------------------------------------

      Code (inc. data)   RO Data    RW Data    ZI Data      Debug   Library Name

      1794         52         40          0         96       2068   c_w.l
        10          0          0          0          0        116   fz_wm.l

    ----------------------------------------------------------------------
      1816         52         40          0        100       2184   Library Totals

    ----------------------------------------------------------------------

==============================================================================


      Code (inc. data)   RO Data    RW Data    ZI Data      Debug   

      4912        956        544         44      10444     695871   Grand Totals
      4912        956        544         44      10444     695871   ELF Image Totals
      4912        956        544         44          0          0   ROM Totals

==============================================================================

    Total RO  Size (Code + RO Data)                 5456 (   5.33kB)
    Total RW  Size (RW Data + ZI Data)             10488 (  10.24kB)
    Total ROM Size (Code + RO Data + RW Data)       5500 (   5.37kB)

==============================================================================

